Archive member included to satisfy reference by file (symbol)

c:/st/stm32cubeide_1.7.0/stm32cubeide/plugins/com.st.stm32cube.ide.mcu.externaltools.gnu-tools-for-stm32.9-2020-q2-update.win32_2.0.0.202105311346/tools/bin/../lib/gcc/arm-none-eabi/9.3.1/../../../../arm-none-eabi/lib/thumb/v7e-m+dp/hard\libc_nano.a(lib_a-errno.o)
                              ./Core/Src/syscalls.o (__errno)
c:/st/stm32cubeide_1.7.0/stm32cubeide/plugins/com.st.stm32cube.ide.mcu.externaltools.gnu-tools-for-stm32.9-2020-q2-update.win32_2.0.0.202105311346/tools/bin/../lib/gcc/arm-none-eabi/9.3.1/../../../../arm-none-eabi/lib/thumb/v7e-m+dp/hard\libc_nano.a(lib_a-exit.o)
                              c:/st/stm32cubeide_1.7.0/stm32cubeide/plugins/com.st.stm32cube.ide.mcu.externaltools.gnu-tools-for-stm32.9-2020-q2-update.win32_2.0.0.202105311346/tools/bin/../lib/gcc/arm-none-eabi/9.3.1/../../../../arm-none-eabi/lib/thumb/v7e-m+dp/hard/crt0.o (exit)
c:/st/stm32cubeide_1.7.0/stm32cubeide/plugins/com.st.stm32cube.ide.mcu.externaltools.gnu-tools-for-stm32.9-2020-q2-update.win32_2.0.0.202105311346/tools/bin/../lib/gcc/arm-none-eabi/9.3.1/../../../../arm-none-eabi/lib/thumb/v7e-m+dp/hard\libc_nano.a(lib_a-findfp.o)
                              ./Middlewares/Third_Party/FreeRTOS/Source/tasks.o (__sf_fake_stderr)
c:/st/stm32cubeide_1.7.0/stm32cubeide/plugins/com.st.stm32cube.ide.mcu.externaltools.gnu-tools-for-stm32.9-2020-q2-update.win32_2.0.0.202105311346/tools/bin/../lib/gcc/arm-none-eabi/9.3.1/../../../../arm-none-eabi/lib/thumb/v7e-m+dp/hard\libc_nano.a(lib_a-fwalk.o)
                              c:/st/stm32cubeide_1.7.0/stm32cubeide/plugins/com.st.stm32cube.ide.mcu.externaltools.gnu-tools-for-stm32.9-2020-q2-update.win32_2.0.0.202105311346/tools/bin/../lib/gcc/arm-none-eabi/9.3.1/../../../../arm-none-eabi/lib/thumb/v7e-m+dp/hard\libc_nano.a(lib_a-findfp.o) (_fwalk)
c:/st/stm32cubeide_1.7.0/stm32cubeide/plugins/com.st.stm32cube.ide.mcu.externaltools.gnu-tools-for-stm32.9-2020-q2-update.win32_2.0.0.202105311346/tools/bin/../lib/gcc/arm-none-eabi/9.3.1/../../../../arm-none-eabi/lib/thumb/v7e-m+dp/hard\libc_nano.a(lib_a-impure.o)
                              c:/st/stm32cubeide_1.7.0/stm32cubeide/plugins/com.st.stm32cube.ide.mcu.externaltools.gnu-tools-for-stm32.9-2020-q2-update.win32_2.0.0.202105311346/tools/bin/../lib/gcc/arm-none-eabi/9.3.1/../../../../arm-none-eabi/lib/thumb/v7e-m+dp/hard\libc_nano.a(lib_a-exit.o) (_global_impure_ptr)
c:/st/stm32cubeide_1.7.0/stm32cubeide/plugins/com.st.stm32cube.ide.mcu.externaltools.gnu-tools-for-stm32.9-2020-q2-update.win32_2.0.0.202105311346/tools/bin/../lib/gcc/arm-none-eabi/9.3.1/../../../../arm-none-eabi/lib/thumb/v7e-m+dp/hard\libc_nano.a(lib_a-init.o)
                              c:/st/stm32cubeide_1.7.0/stm32cubeide/plugins/com.st.stm32cube.ide.mcu.externaltools.gnu-tools-for-stm32.9-2020-q2-update.win32_2.0.0.202105311346/tools/bin/../lib/gcc/arm-none-eabi/9.3.1/../../../../arm-none-eabi/lib/thumb/v7e-m+dp/hard/crt0.o (__libc_init_array)
c:/st/stm32cubeide_1.7.0/stm32cubeide/plugins/com.st.stm32cube.ide.mcu.externaltools.gnu-tools-for-stm32.9-2020-q2-update.win32_2.0.0.202105311346/tools/bin/../lib/gcc/arm-none-eabi/9.3.1/../../../../arm-none-eabi/lib/thumb/v7e-m+dp/hard\libc_nano.a(lib_a-lock.o)
                              c:/st/stm32cubeide_1.7.0/stm32cubeide/plugins/com.st.stm32cube.ide.mcu.externaltools.gnu-tools-for-stm32.9-2020-q2-update.win32_2.0.0.202105311346/tools/bin/../lib/gcc/arm-none-eabi/9.3.1/../../../../arm-none-eabi/lib/thumb/v7e-m+dp/hard\libc_nano.a(lib_a-findfp.o) (__retarget_lock_init_recursive)
c:/st/stm32cubeide_1.7.0/stm32cubeide/plugins/com.st.stm32cube.ide.mcu.externaltools.gnu-tools-for-stm32.9-2020-q2-update.win32_2.0.0.202105311346/tools/bin/../lib/gcc/arm-none-eabi/9.3.1/../../../../arm-none-eabi/lib/thumb/v7e-m+dp/hard\libc_nano.a(lib_a-memcpy-stub.o)
                              ./Middlewares/Third_Party/FreeRTOS/Source/queue.o (memcpy)
c:/st/stm32cubeide_1.7.0/stm32cubeide/plugins/com.st.stm32cube.ide.mcu.externaltools.gnu-tools-for-stm32.9-2020-q2-update.win32_2.0.0.202105311346/tools/bin/../lib/gcc/arm-none-eabi/9.3.1/../../../../arm-none-eabi/lib/thumb/v7e-m+dp/hard\libc_nano.a(lib_a-memset.o)
                              c:/st/stm32cubeide_1.7.0/stm32cubeide/plugins/com.st.stm32cube.ide.mcu.externaltools.gnu-tools-for-stm32.9-2020-q2-update.win32_2.0.0.202105311346/tools/bin/../lib/gcc/arm-none-eabi/9.3.1/../../../../arm-none-eabi/lib/thumb/v7e-m+dp/hard/crt0.o (memset)
c:/st/stm32cubeide_1.7.0/stm32cubeide/plugins/com.st.stm32cube.ide.mcu.externaltools.gnu-tools-for-stm32.9-2020-q2-update.win32_2.0.0.202105311346/tools/bin/../lib/gcc/arm-none-eabi/9.3.1/../../../../arm-none-eabi/lib/thumb/v7e-m+dp/hard\libc_nano.a(lib_a-nano-mallocr.o)
[...]
Memory Configuration

Name             Origin             Length             Attributes
ITCMRAM          0x0000000000000000 0x0000000000010000 xrw
DTCMRAM          0x0000000020000000 0x0000000000020000 xrw
FLASH            0x0000000008000000 0x0000000000100000 xr
RAM_D1           0x0000000024000000 0x0000000000050000 xrw
RAM_D2           0x0000000030000000 0x0000000000008000 xrw
RAM_D3           0x0000000038000000 0x0000000000004000 xrw
*default*        0x0000000000000000 0xffffffffffffffff

Linker script and memory map

LOAD c:/st/stm32cubeide_1.7.0/stm32cubeide/plugins/com.st.stm32cube.ide.mcu.externaltools.gnu-tools-for-stm32.9-2020-q2-update.win32_2.0.0.202105311346/tools/bin/../lib/gcc/arm-none-eabi/9.3.1/thumb/v7e-m+dp/hard/crti.o
LOAD c:/st/stm32cubeide_1.7.0/stm32cubeide/plugins/com.st.stm32cube.ide.mcu.externaltools.gnu-tools-for-stm32.9-2020-q2-update.win32_2.0.0.202105311346/tools/bin/../lib/gcc/arm-none-eabi/9.3.1/thumb/v7e-m+dp/hard/crtbegin.o
LOAD c:/st/stm32cubeide_1.7.0/stm32cubeide/plugins/com.st.stm32cube.ide.mcu.externaltools.gnu-tools-for-stm32.9-2020-q2-update.win32_2.0.0.202105311346/tools/bin/../lib/gcc/arm-none-eabi/9.3.1/../../../../arm-none-eabi/lib/thumb/v7e-m+dp/hard/crt0.o
LOAD ./Core/Src/UART_Comm.o
LOAD ./Core/Src/freertos.o
LOAD ./Core/Src/main.o
LOAD ./Core/Src/stm32h7xx_hal_msp.o
LOAD ./Core/Src/stm32h7xx_hal_timebase_tim.o
LOAD ./Core/Src/stm32h7xx_it.o
LOAD ./Core/Src/syscalls.o
LOAD ./Core/Src/sysmem.o
LOAD ./Core/Src/system_stm32h7xx.o
LOAD ./Core/Src/voltmeter.o
LOAD ./Core/Startup/startup_stm32h723zgtx.o
LOAD ./Drivers/STM32H7xx_HAL_Driver/Src/stm32h7xx_hal.o
LOAD ./Drivers/STM32H7xx_HAL_Driver/Src/stm32h7xx_hal_adc.o
LOAD ./Drivers/STM32H7xx_HAL_Driver/Src/stm32h7xx_hal_adc_ex.o
LOAD ./Drivers/STM32H7xx_HAL_Driver/Src/stm32h7xx_hal_cortex.o
LOAD ./Drivers/STM32H7xx_HAL_Driver/Src/stm32h7xx_hal_dma.o
LOAD ./Drivers/STM32H7xx_HAL_Driver/Src/stm32h7xx_hal_dma_ex.o
LOAD ./Drivers/STM32H7xx_HAL_Driver/Src/stm32h7xx_hal_exti.o
LOAD ./Drivers/STM32H7xx_HAL_Driver/Src/stm32h7xx_hal_flash.o
LOAD ./Drivers/STM32H7xx_HAL_Driver/Src/stm32h7xx_hal_flash_ex.o
LOAD ./Drivers/STM32H7xx_HAL_Driver/Src/stm32h7xx_hal_gpio.o
LOAD ./Drivers/STM32H7xx_HAL_Driver/Src/stm32h7xx_hal_hsem.o
LOAD ./Drivers/STM32H7xx_HAL_Driver/Src/stm32h7xx_hal_i2c.o
LOAD ./Drivers/STM32H7xx_HAL_Driver/Src/stm32h7xx_hal_i2c_ex.o
LOAD ./Drivers/STM32H7xx_HAL_Driver/Src/stm32h7xx_hal_mdma.o
LOAD ./Drivers/STM32H7xx_HAL_Driver/Src/stm32h7xx_hal_pcd.o
LOAD ./Drivers/STM32H7xx_HAL_Driver/Src/stm32h7xx_hal_pcd_ex.o
LOAD ./Drivers/STM32H7xx_HAL_Driver/Src/stm32h7xx_hal_pwr.o
LOAD ./Drivers/STM32H7xx_HAL_Driver/Src/stm32h7xx_hal_pwr_ex.o
LOAD ./Drivers/STM32H7xx_HAL_Driver/Src/stm32h7xx_hal_rcc.o
LOAD ./Drivers/STM32H7xx_HAL_Driver/Src/stm32h7xx_hal_rcc_ex.o
LOAD ./Drivers/STM32H7xx_HAL_Driver/Src/stm32h7xx_hal_tim.o
LOAD ./Drivers/STM32H7xx_HAL_Driver/Src/stm32h7xx_hal_tim_ex.o
LOAD ./Drivers/STM32H7xx_HAL_Driver/Src/stm32h7xx_ll_usb.o
LOAD ./Middlewares/ST/STM32_USB_Device_Library/Class/CDC/Src/usbd_cdc.o
LOAD ./Middlewares/ST/STM32_USB_Device_Library/Core/Src/usbd_core.o
LOAD ./Middlewares/ST/STM32_USB_Device_Library/Core/Src/usbd_ctlreq.o
LOAD ./Middlewares/ST/STM32_USB_Device_Library/Core/Src/usbd_ioreq.o
LOAD ./Middlewares/Third_Party/FreeRTOS/Source/CMSIS_RTOS/cmsis_os.o
LOAD ./Middlewares/Third_Party/FreeRTOS/Source/croutine.o
LOAD ./Middlewares/Third_Party/FreeRTOS/Source/event_groups.o
LOAD ./Middlewares/Third_Party/FreeRTOS/Source/list.o
LOAD ./Middlewares/Third_Party/FreeRTOS/Source/queue.o
LOAD ./Middlewares/Third_Party/FreeRTOS/Source/stream_buffer.o
LOAD ./Middlewares/Third_Party/FreeRTOS/Source/tasks.o
LOAD ./Middlewares/Third_Party/FreeRTOS/Source/timers.o
LOAD ./Middlewares/Third_Party/FreeRTOS/Source/portable/GCC/ARM_CM4F/port.o
LOAD ./Middlewares/Third_Party/FreeRTOS/Source/portable/MemMang/heap_4.o
LOAD ./USB_DEVICE/App/usb_device.o
LOAD ./USB_DEVICE/App/usbd_cdc_if.o
LOAD ./USB_DEVICE/App/usbd_desc.o
LOAD ./USB_DEVICE/Target/usbd_conf.o
START GROUP
LOAD c:/st/stm32cubeide_1.7.0/stm32cubeide/plugins/com.st.stm32cube.ide.mcu.externaltools.gnu-tools-for-stm32.9-2020-q2-update.win32_2.0.0.202105311346/tools/bin/../lib/gcc/arm-none-eabi/9.3.1/../../../../arm-none-eabi/lib/thumb/v7e-m+dp/hard\libc_nano.a
LOAD c:/st/stm32cubeide_1.7.0/stm32cubeide/plugins/com.st.stm32cube.ide.mcu.externaltools.gnu-tools-for-stm32.9-2020-q2-update.win32_2.0.0.202105311346/tools/bin/../lib/gcc/arm-none-eabi/9.3.1/../../../../arm-none-eabi/lib/thumb/v7e-m+dp/hard\libm.a
END GROUP
START GROUP
LOAD c:/st/stm32cubeide_1.7.0/stm32cubeide/plugins/com.st.stm32cube.ide.mcu.externaltools.gnu-tools-for-stm32.9-2020-q2-update.win32_2.0.0.202105311346/tools/bin/../lib/gcc/arm-none-eabi/9.3.1/thumb/v7e-m+dp/hard\libgcc.a
LOAD c:/st/stm32cubeide_1.7.0/stm32cubeide/plugins/com.st.stm32cube.ide.mcu.externaltools.gnu-tools-for-stm32.9-2020-q2-update.win32_2.0.0.202105311346/tools/bin/../lib/gcc/arm-none-eabi/9.3.1/../../../../arm-none-eabi/lib/thumb/v7e-m+dp/hard\libc_nano.a
END GROUP
START GROUP
LOAD c:/st/stm32cubeide_1.7.0/stm32cubeide/plugins/com.st.stm32cube.ide.mcu.externaltools.gnu-tools-for-stm32.9-2020-q2-update.win32_2.0.0.202105311346/tools/bin/../lib/gcc/arm-none-eabi/9.3.1/thumb/v7e-m+dp/hard\libgcc.a
LOAD c:/st/stm32cubeide_1.7.0/stm32cubeide/plugins/com.st.stm32cube.ide.mcu.externaltools.gnu-tools-for-stm32.9-2020-q2-update.win32_2.0.0.202105311346/tools/bin/../lib/gcc/arm-none-eabi/9.3.1/../../../../arm-none-eabi/lib/thumb/v7e-m+dp/hard\libc_nano.a
LOAD c:/st/stm32cubeide_1.7.0/stm32cubeide/plugins/com.st.stm32cube.ide.mcu.externaltools.gnu-tools-for-stm32.9-2020-q2-update.win32_2.0.0.202105311346/tools/bin/../lib/gcc/arm-none-eabi/9.3.1/../../../../arm-none-eabi/lib/thumb/v7e-m+dp/hard\libnosys.a
END GROUP
START GROUP
LOAD c:/st/stm32cubeide_1.7.0/stm32cubeide/plugins/com.st.stm32cube.ide.mcu.externaltools.gnu-tools-for-stm32.9-2020-q2-update.win32_2.0.0.202105311346/tools/bin/../lib/gcc/arm-none-eabi/9.3.1/thumb/v7e-m+dp/hard\libgcc.a
LOAD c:/st/stm32cubeide_1.7.0/stm32cubeide/plugins/com.st.stm32cube.ide.mcu.externaltools.gnu-tools-for-stm32.9-2020-q2-update.win32_2.0.0.202105311346/tools/bin/../lib/gcc/arm-none-eabi/9.3.1/../../../../arm-none-eabi/lib/thumb/v7e-m+dp/hard\libc_nano.a
LOAD c:/st/stm32cubeide_1.7.0/stm32cubeide/plugins/com.st.stm32cube.ide.mcu.externaltools.gnu-tools-for-stm32.9-2020-q2-update.win32_2.0.0.202105311346/tools/bin/../lib/gcc/arm-none-eabi/9.3.1/../../../../arm-none-eabi/lib/thumb/v7e-m+dp/hard\libnosys.a
END GROUP
LOAD c:/st/stm32cubeide_1.7.0/stm32cubeide/plugins/com.st.stm32cube.ide.mcu.externaltools.gnu-tools-for-stm32.9-2020-q2-update.win32_2.0.0.202105311346/tools/bin/../lib/gcc/arm-none-eabi/9.3.1/thumb/v7e-m+dp/hard/crtend.o
LOAD c:/st/stm32cubeide_1.7.0/stm32cubeide/plugins/com.st.stm32cube.ide.mcu.externaltools.gnu-tools-for-stm32.9-2020-q2-update.win32_2.0.0.202105311346/tools/bin/../lib/gcc/arm-none-eabi/9.3.1/thumb/v7e-m+dp/hard/crtn.o
                0x0000000024050000                _estack = (ORIGIN (RAM_D1) + LENGTH (RAM_D1))
                0x0000000000000200                _Min_Heap_Size = 0x200
                0x0000000000000400                _Min_Stack_Size = 0x400

.isr_vector     0x0000000008000000      0x2cc
                0x0000000008000000                . = ALIGN (0x4)
 *(.isr_vector)
 .isr_vector    0x0000000008000000      0x2cc ./Core/Startup/startup_stm32h723zgtx.o
                0x0000000008000000                g_pfnVectors
                0x00000000080002cc                . = ALIGN (0x4)

.text           0x00000000080002d0     0xd624
                0x00000000080002d0                . = ALIGN (0x4)
 *(.text)
 .text          0x00000000080002d0       0x40 c:/st/stm32cubeide_1.7.0/stm32cubeide/plugins/com.st.stm32cube.ide.mcu.externaltools.gnu-tools-for-stm32.9-2020-q2-update.win32_2.0.0.202105311346/tools/bin/../lib/gcc/arm-none-eabi/9.3.1/thumb/v7e-m+dp/hard/crtbegin.o
 *(.text*)
 .text.main     0x0000000008000310       0x58 ./Core/Src/main.o
                0x0000000008000310                main
 .text.SystemClock_Config
                0x0000000008000368       0xf8 ./Core/Src/main.o
                0x0000000008000368                SystemClock_Config
 .text.PeriphCommonClock_Config
                0x0000000008000460       0x58 ./Core/Src/main.o
                0x0000000008000460                PeriphCommonClock_Config
 .text.MX_ADC1_Init
                0x00000000080004b8       0xf0 ./Core/Src/main.o
 .text.MX_ADC2_Init
                0x00000000080005a8       0xcc ./Core/Src/main.o
 .text.MX_ADC3_Init
                0x0000000008000674       0xe8 ./Core/Src/main.o
 .text.MX_TIM6_Init
                0x000000000800075c       0x70 ./Core/Src/main.o
 .text.MX_GPIO_Init
                0x00000000080007cc      0x220 ./Core/Src/main.o
 .text.StartDefaultTask
                0x00000000080009ec       0x14 ./Core/Src/main.o
                0x00000000080009ec                StartDefaultTask
 .text.HAL_TIM_PeriodElapsedCallback
                0x0000000008000a00       0x24 ./Core/Src/main.o
                0x0000000008000a00                HAL_TIM_PeriodElapsedCallback
 .text.Error_Handler
                0x0000000008000a24        0xa ./Core/Src/main.o
                0x0000000008000a24                Error_Handler
 *fill*         0x0000000008000a2e        0x2 
 .text.HAL_MspInit
                0x0000000008000a30       0x3c ./Core/Src/stm32h7xx_hal_msp.o
                0x0000000008000a30                HAL_MspInit
 .text.HAL_ADC_MspInit
                0x0000000008000a6c      0x174 ./Core/Src/stm32h7xx_hal_msp.o
                0x0000000008000a6c                HAL_ADC_MspInit
 .text.HAL_TIM_Base_MspInit
                0x0000000008000be0       0x50 ./Core/Src/stm32h7xx_hal_msp.o
                0x0000000008000be0                HAL_TIM_Base_MspInit
 .text.HAL_InitTick
                0x0000000008000c30       0xd8 ./Core/Src/stm32h7xx_hal_timebase_tim.o
                0x0000000008000c30                HAL_InitTick
 .text.NMI_Handler
                0x0000000008000d08        0x6 ./Core/Src/stm32h7xx_it.o
                0x0000000008000d08                NMI_Handler
 .text.HardFault_Handler
                0x0000000008000d0e        0x6 ./Core/Src/stm32h7xx_it.o
                0x0000000008000d0e                HardFault_Handler
 .text.MemManage_Handler
                0x0000000008000d14        0x6 ./Core/Src/stm32h7xx_it.o
                0x0000000008000d14                MemManage_Handler
 .text.BusFault_Handler
                0x0000000008000d1a        0x6 ./Core/Src/stm32h7xx_it.o
                0x0000000008000d1a                BusFault_Handler
 .text.UsageFault_Handler
                0x0000000008000d20        0x6 ./Core/Src/stm32h7xx_it.o
                0x0000000008000d20                UsageFault_Handler
 .text.DebugMon_Handler
                0x0000000008000d26        0xe ./Core/Src/stm32h7xx_it.o
                0x0000000008000d26                DebugMon_Handler
 .text.TIM6_DAC_IRQHandler
                0x0000000008000d34       0x24 ./Core/Src/stm32h7xx_it.o
                0x0000000008000d34                TIM6_DAC_IRQHandler
 .text.TIM7_IRQHandler
                0x0000000008000d58       0x14 ./Core/Src/stm32h7xx_it.o
                0x0000000008000d58                TIM7_IRQHandler
 .text.OTG_HS_IRQHandler
                0x0000000008000d6c       0x14 ./Core/Src/stm32h7xx_it.o
                0x0000000008000d6c                OTG_HS_IRQHandler
 .text.SystemInit
                0x0000000008000d80       0xf8 ./Core/Src/system_stm32h7xx.o
                0x0000000008000d80                SystemInit
 .text.Voltmeter_init
                0x0000000008000e78       0x80 ./Core/Src/voltmeter.o
                0x0000000008000e78                Voltmeter_init
 .text.vTerminal
                0x0000000008000ef8       0x68 ./Core/Src/voltmeter.o
                0x0000000008000ef8                vTerminal
 .text.vADC     0x0000000008000f60      0x1c8 ./Core/Src/voltmeter.o
                0x0000000008000f60                vADC
 .text.Reset_Handler
                0x0000000008001128       0x50 ./Core/Startup/startup_stm32h723zgtx.o
                0x0000000008001128                Reset_Handler
 .text.Default_Handler
                0x0000000008001178        0x2 ./Core/Startup/startup_stm32h723zgtx.o
                0x0000000008001178                RTC_Alarm_IRQHandler
                0x0000000008001178                EXTI2_IRQHandler
                0x0000000008001178                TIM8_CC_IRQHandler
                0x0000000008001178                UART8_IRQHandler
                0x0000000008001178                SPI4_IRQHandler
                0x0000000008001178                FDCAN3_IT0_IRQHandler
                0x0000000008001178                TIM1_CC_IRQHandler
                0x0000000008001178                BDMA_Channel6_IRQHandler
                0x0000000008001178                DMA2_Stream5_IRQHandler
                0x0000000008001178                DMA1_Stream5_IRQHandler
                0x0000000008001178                CORDIC_IRQHandler
                0x0000000008001178                BDMA_Channel1_IRQHandler
                0x0000000008001178                TAMP_STAMP_IRQHandler
                0x0000000008001178                EXTI3_IRQHandler
                0x0000000008001178                LPTIM4_IRQHandler
                0x0000000008001178                TIM8_TRG_COM_TIM14_IRQHandler
                0x0000000008001178                LPTIM2_IRQHandler
                0x0000000008001178                DFSDM1_FLT1_IRQHandler
                0x0000000008001178                DMAMUX2_OVR_IRQHandler
                0x0000000008001178                TIM8_UP_TIM13_IRQHandler
                0x0000000008001178                I2C3_ER_IRQHandler
                0x0000000008001178                DFSDM1_FLT2_IRQHandler
                0x0000000008001178                I2C5_EV_IRQHandler
                0x0000000008001178                USART10_IRQHandler
                0x0000000008001178                MDMA_IRQHandler
                0x0000000008001178                LPTIM3_IRQHandler
                0x0000000008001178                HSEM1_IRQHandler
                0x0000000008001178                EXTI0_IRQHandler
                0x0000000008001178                I2C2_EV_IRQHandler
                0x0000000008001178                DMA1_Stream2_IRQHandler
                0x0000000008001178                FPU_IRQHandler
                0x0000000008001178                OTG_HS_WKUP_IRQHandler
                0x0000000008001178                FDCAN1_IT1_IRQHandler
                0x0000000008001178                LTDC_ER_IRQHandler
                0x0000000008001178                DMA2_Stream2_IRQHandler
                0x0000000008001178                SPI1_IRQHandler
                0x0000000008001178                OCTOSPI1_IRQHandler
                0x0000000008001178                DMA2_Stream3_IRQHandler
                0x0000000008001178                OCTOSPI2_IRQHandler
                0x0000000008001178                DFSDM1_FLT3_IRQHandler
                0x0000000008001178                TIM23_IRQHandler
                0x0000000008001178                USART6_IRQHandler
                0x0000000008001178                TIM17_IRQHandler
                0x0000000008001178                USART3_IRQHandler
                0x0000000008001178                BDMA_Channel7_IRQHandler
                0x0000000008001178                LPTIM5_IRQHandler
                0x0000000008001178                UART5_IRQHandler
                0x0000000008001178                ADC3_IRQHandler
                0x0000000008001178                DMA2_Stream0_IRQHandler
                0x0000000008001178                TIM4_IRQHandler
                0x0000000008001178                BDMA_Channel2_IRQHandler
                0x0000000008001178                I2C1_EV_IRQHandler
                0x0000000008001178                DMA1_Stream6_IRQHandler
                0x0000000008001178                DMAMUX1_OVR_IRQHandler
                0x0000000008001178                DMA1_Stream1_IRQHandler
                0x0000000008001178                TIM16_IRQHandler
                0x0000000008001178                UART4_IRQHandler
                0x0000000008001178                BDMA_Channel5_IRQHandler
                0x0000000008001178                TIM3_IRQHandler
                0x0000000008001178                RCC_IRQHandler
                0x0000000008001178                UART9_IRQHandler
                0x0000000008001178                TIM8_BRK_TIM12_IRQHandler
                0x0000000008001178                TIM1_TRG_COM_IRQHandler
                0x0000000008001178                Default_Handler
                0x0000000008001178                ECC_IRQHandler
                0x0000000008001178                FMAC_IRQHandler
                0x0000000008001178                CEC_IRQHandler
                0x0000000008001178                EXTI15_10_IRQHandler
                0x0000000008001178                BDMA_Channel0_IRQHandler
                0x0000000008001178                ADC_IRQHandler
                0x0000000008001178                I2C5_ER_IRQHandler
                0x0000000008001178                DMA1_Stream7_IRQHandler
                0x0000000008001178                SPI5_IRQHandler
                0x0000000008001178                FDCAN3_IT1_IRQHandler
                0x0000000008001178                SDMMC1_IRQHandler
                0x0000000008001178                TIM5_IRQHandler
                0x0000000008001178                DMA2_Stream7_IRQHandler
                0x0000000008001178                TIM15_IRQHandler
                0x0000000008001178                PVD_AVD_IRQHandler
                0x0000000008001178                I2C3_EV_IRQHandler
                0x0000000008001178                EXTI9_5_IRQHandler
                0x0000000008001178                RTC_WKUP_IRQHandler
                0x0000000008001178                LTDC_IRQHandler
                0x0000000008001178                ETH_WKUP_IRQHandler
                0x0000000008001178                SPDIF_RX_IRQHandler
                0x0000000008001178                SPI2_IRQHandler
                0x0000000008001178                OTG_HS_EP1_IN_IRQHandler
                0x0000000008001178                DMA1_Stream0_IRQHandler
                0x0000000008001178                TIM24_IRQHandler
                0x0000000008001178                CRS_IRQHandler
                0x0000000008001178                EXTI4_IRQHandler
                0x0000000008001178                RNG_IRQHandler
                0x0000000008001178                FDCAN2_IT1_IRQHandler
                0x0000000008001178                ETH_IRQHandler
                0x0000000008001178                TIM1_UP_IRQHandler
                0x0000000008001178                BDMA_Channel4_IRQHandler
                0x0000000008001178                OTG_HS_EP1_OUT_IRQHandler
                0x0000000008001178                WWDG_IRQHandler
                0x0000000008001178                SPI6_IRQHandler
                0x0000000008001178                MDIOS_IRQHandler
                0x0000000008001178                I2C4_EV_IRQHandler
                0x0000000008001178                FDCAN2_IT0_IRQHandler
                0x0000000008001178                LPUART1_IRQHandler
                0x0000000008001178                FDCAN1_IT0_IRQHandler
                0x0000000008001178                TIM2_IRQHandler
                0x0000000008001178                DMA2D_IRQHandler
                0x0000000008001178                TIM1_BRK_IRQHandler
                0x0000000008001178                EXTI1_IRQHandler
                0x0000000008001178                SDMMC2_IRQHandler
                0x0000000008001178                BDMA_Channel3_IRQHandler
                0x0000000008001178                DTS_IRQHandler
                0x0000000008001178                UART7_IRQHandler
                0x0000000008001178                MDIOS_WKUP_IRQHandler
                0x0000000008001178                USART2_IRQHandler
                0x0000000008001178                DFSDM1_FLT0_IRQHandler
                0x0000000008001178                SAI4_IRQHandler
                0x0000000008001178                I2C2_ER_IRQHandler
                0x0000000008001178                DMA2_Stream1_IRQHandler
                0x0000000008001178                FLASH_IRQHandler
                0x0000000008001178                DMA2_Stream4_IRQHandler
                0x0000000008001178                USART1_IRQHandler
                0x0000000008001178                SPI3_IRQHandler
                0x0000000008001178                WAKEUP_PIN_IRQHandler
                0x0000000008001178                DMA1_Stream4_IRQHandler
                0x0000000008001178                I2C1_ER_IRQHandler
                0x0000000008001178                FMC_IRQHandler
                0x0000000008001178                FDCAN_CAL_IRQHandler
                0x0000000008001178                SWPMI1_IRQHandler
                0x0000000008001178                COMP1_IRQHandler
                0x0000000008001178                LPTIM1_IRQHandler
                0x0000000008001178                DCMI_PSSI_IRQHandler
                0x0000000008001178                I2C4_ER_IRQHandler
                0x0000000008001178                DMA2_Stream6_IRQHandler
                0x0000000008001178                SAI1_IRQHandler
                0x0000000008001178                DMA1_Stream3_IRQHandler
 *fill*         0x000000000800117a        0x2 
 .text.HAL_Init
                0x000000000800117c       0x78 ./Drivers/STM32H7xx_HAL_Driver/Src/stm32h7xx_hal.o
                0x000000000800117c                HAL_Init
 .text.HAL_IncTick
                0x00000000080011f4       0x28 ./Drivers/STM32H7xx_HAL_Driver/Src/stm32h7xx_hal.o
                0x00000000080011f4                HAL_IncTick
 .text.HAL_GetTick
                0x000000000800121c       0x18 ./Drivers/STM32H7xx_HAL_Driver/Src/stm32h7xx_hal.o
                0x000000000800121c                HAL_GetTick
 .text.HAL_Delay
                0x0000000008001234       0x48 ./Drivers/STM32H7xx_HAL_Driver/Src/stm32h7xx_hal.o
                0x0000000008001234                HAL_Delay
 .text.HAL_SYSCFG_AnalogSwitchConfig
                0x000000000800127c       0x2c ./Drivers/STM32H7xx_HAL_Driver/Src/stm32h7xx_hal.o
                0x000000000800127c                HAL_SYSCFG_AnalogSwitchConfig
 .text.LL_ADC_SetCommonClock
                0x00000000080012a8       0x26 ./Drivers/STM32H7xx_HAL_Driver/Src/stm32h7xx_hal_adc.o
 .text.LL_ADC_SetCommonPathInternalCh
                0x00000000080012ce       0x26 ./Drivers/STM32H7xx_HAL_Driver/Src/stm32h7xx_hal_adc.o
 .text.LL_ADC_GetCommonPathInternalCh
                0x00000000080012f4       0x1c ./Drivers/STM32H7xx_HAL_Driver/Src/stm32h7xx_hal_adc.o
 .text.LL_ADC_SetOffset
                0x0000000008001310       0x64 ./Drivers/STM32H7xx_HAL_Driver/Src/stm32h7xx_hal_adc.o
 .text.LL_ADC_GetOffsetChannel
                0x0000000008001374       0x2c ./Drivers/STM32H7xx_HAL_Driver/Src/stm32h7xx_hal_adc.o
 .text.LL_ADC_SetDataRightShift
                0x00000000080013a0       0x32 ./Drivers/STM32H7xx_HAL_Driver/Src/stm32h7xx_hal_adc.o
 *fill*         0x00000000080013d2        0x2 
 .text.LL_ADC_SetOffsetSignedSaturation
                0x00000000080013d4       0x44 ./Drivers/STM32H7xx_HAL_Driver/Src/stm32h7xx_hal_adc.o
 .text.LL_ADC_SetOffsetSaturation
                0x0000000008001418       0x44 ./Drivers/STM32H7xx_HAL_Driver/Src/stm32h7xx_hal_adc.o
 .text.LL_ADC_SetOffsetSign
                0x000000000800145c       0x44 ./Drivers/STM32H7xx_HAL_Driver/Src/stm32h7xx_hal_adc.o
 .text.LL_ADC_SetOffsetState
                0x00000000080014a0       0x54 ./Drivers/STM32H7xx_HAL_Driver/Src/stm32h7xx_hal_adc.o
 .text.LL_ADC_REG_SetSequencerRanks
                0x00000000080014f4       0x58 ./Drivers/STM32H7xx_HAL_Driver/Src/stm32h7xx_hal_adc.o
 .text.LL_ADC_SetChannelSamplingTime
                0x000000000800154c       0x56 ./Drivers/STM32H7xx_HAL_Driver/Src/stm32h7xx_hal_adc.o
 *fill*         0x00000000080015a2        0x2 
 .text.LL_ADC_SetChannelSingleDiff
                0x00000000080015a4       0x80 ./Drivers/STM32H7xx_HAL_Driver/Src/stm32h7xx_hal_adc.o
 .text.LL_ADC_GetMultimode
                0x0000000008001624       0x1c ./Drivers/STM32H7xx_HAL_Driver/Src/stm32h7xx_hal_adc.o
 .text.LL_ADC_DisableDeepPowerDown
                0x0000000008001640       0x24 ./Drivers/STM32H7xx_HAL_Driver/Src/stm32h7xx_hal_adc.o
 .text.LL_ADC_IsDeepPowerDownEnabled
                0x0000000008001664       0x28 ./Drivers/STM32H7xx_HAL_Driver/Src/stm32h7xx_hal_adc.o
 .text.LL_ADC_EnableInternalRegulator
                0x000000000800168c       0x28 ./Drivers/STM32H7xx_HAL_Driver/Src/stm32h7xx_hal_adc.o
 .text.LL_ADC_IsInternalRegulatorEnabled
                0x00000000080016b4       0x28 ./Drivers/STM32H7xx_HAL_Driver/Src/stm32h7xx_hal_adc.o
 .text.LL_ADC_Enable
                0x00000000080016dc       0x28 ./Drivers/STM32H7xx_HAL_Driver/Src/stm32h7xx_hal_adc.o
 .text.LL_ADC_Disable
                0x0000000008001704       0x28 ./Drivers/STM32H7xx_HAL_Driver/Src/stm32h7xx_hal_adc.o
 .text.LL_ADC_IsEnabled
                0x000000000800172c       0x26 ./Drivers/STM32H7xx_HAL_Driver/Src/stm32h7xx_hal_adc.o
 .text.LL_ADC_IsDisableOngoing
                0x0000000008001752       0x26 ./Drivers/STM32H7xx_HAL_Driver/Src/stm32h7xx_hal_adc.o
 .text.LL_ADC_REG_StartConversion
                0x0000000008001778       0x28 ./Drivers/STM32H7xx_HAL_Driver/Src/stm32h7xx_hal_adc.o
 .text.LL_ADC_REG_StopConversion
                0x00000000080017a0       0x28 ./Drivers/STM32H7xx_HAL_Driver/Src/stm32h7xx_hal_adc.o
 .text.LL_ADC_REG_IsConversionOngoing
                0x00000000080017c8       0x26 ./Drivers/STM32H7xx_HAL_Driver/Src/stm32h7xx_hal_adc.o
 *fill*         0x00000000080017ee        0x2 
 .text.LL_ADC_INJ_StopConversion
                0x00000000080017f0       0x28 ./Drivers/STM32H7xx_HAL_Driver/Src/stm32h7xx_hal_adc.o
 .text.LL_ADC_INJ_IsConversionOngoing
                0x0000000008001818       0x26 ./Drivers/STM32H7xx_HAL_Driver/Src/stm32h7xx_hal_adc.o
 *fill*         0x000000000800183e        0x2 
 .text.HAL_ADC_Init
                0x0000000008001840      0x410 ./Drivers/STM32H7xx_HAL_Driver/Src/stm32h7xx_hal_adc.o
                0x0000000008001840                HAL_ADC_Init
 .text.HAL_ADC_Start
                0x0000000008001c50      0x194 ./Drivers/STM32H7xx_HAL_Driver/Src/stm32h7xx_hal_adc.o
                0x0000000008001c50                HAL_ADC_Start
 .text.HAL_ADC_Stop
                0x0000000008001de4       0x68 ./Drivers/STM32H7xx_HAL_Driver/Src/stm32h7xx_hal_adc.o
                0x0000000008001de4                HAL_ADC_Stop
 .text.HAL_ADC_GetValue
                0x0000000008001e4c       0x1a ./Drivers/STM32H7xx_HAL_Driver/Src/stm32h7xx_hal_adc.o
                0x0000000008001e4c                HAL_ADC_GetValue
 *fill*         0x0000000008001e66        0x2 
 .text.HAL_ADC_ConfigChannel
                0x0000000008001e68      0xa58 ./Drivers/STM32H7xx_HAL_Driver/Src/stm32h7xx_hal_adc.o
                0x0000000008001e68                HAL_ADC_ConfigChannel
 .text.ADC_ConversionStop
                0x00000000080028c0      0x178 ./Drivers/STM32H7xx_HAL_Driver/Src/stm32h7xx_hal_adc.o
                0x00000000080028c0                ADC_ConversionStop
 .text.ADC_Enable
                0x0000000008002a38      0x114 ./Drivers/STM32H7xx_HAL_Driver/Src/stm32h7xx_hal_adc.o
                0x0000000008002a38                ADC_Enable
 .text.ADC_Disable
                0x0000000008002b4c       0xbe ./Drivers/STM32H7xx_HAL_Driver/Src/stm32h7xx_hal_adc.o
                0x0000000008002b4c                ADC_Disable
 *fill*         0x0000000008002c0a        0x2 
 .text.ADC_ConfigureBoostMode
                0x0000000008002c0c      0x1d8 ./Drivers/STM32H7xx_HAL_Driver/Src/stm32h7xx_hal_adc.o
                0x0000000008002c0c                ADC_ConfigureBoostMode
 .text.LL_ADC_IsEnabled
                0x0000000008002de4       0x26 ./Drivers/STM32H7xx_HAL_Driver/Src/stm32h7xx_hal_adc_ex.o
 .text.LL_ADC_REG_IsConversionOngoing
                0x0000000008002e0a       0x26 ./Drivers/STM32H7xx_HAL_Driver/Src/stm32h7xx_hal_adc_ex.o
 .text.HAL_ADCEx_MultiModeConfigChannel
                0x0000000008002e30      0x1c4 ./Drivers/STM32H7xx_HAL_Driver/Src/stm32h7xx_hal_adc_ex.o
                0x0000000008002e30                HAL_ADCEx_MultiModeConfigChannel
 .text.__NVIC_SetPriorityGrouping
                0x0000000008002ff4       0x48 ./Drivers/STM32H7xx_HAL_Driver/Src/stm32h7xx_hal_cortex.o
 .text.__NVIC_GetPriorityGrouping
                0x000000000800303c       0x1c ./Drivers/STM32H7xx_HAL_Driver/Src/stm32h7xx_hal_cortex.o
 .text.__NVIC_EnableIRQ
                0x0000000008003058       0x3c ./Drivers/STM32H7xx_HAL_Driver/Src/stm32h7xx_hal_cortex.o
 .text.__NVIC_SetPriority
                0x0000000008003094       0x54 ./Drivers/STM32H7xx_HAL_Driver/Src/stm32h7xx_hal_cortex.o
 .text.NVIC_EncodePriority
                0x00000000080030e8       0x66 ./Drivers/STM32H7xx_HAL_Driver/Src/stm32h7xx_hal_cortex.o
 .text.HAL_NVIC_SetPriorityGrouping
                0x000000000800314e       0x16 ./Drivers/STM32H7xx_HAL_Driver/Src/stm32h7xx_hal_cortex.o
                0x000000000800314e                HAL_NVIC_SetPriorityGrouping
 .text.HAL_NVIC_SetPriority
                0x0000000008003164       0x34 ./Drivers/STM32H7xx_HAL_Driver/Src/stm32h7xx_hal_cortex.o
                0x0000000008003164                HAL_NVIC_SetPriority
 .text.HAL_NVIC_EnableIRQ
                0x0000000008003198       0x1c ./Drivers/STM32H7xx_HAL_Driver/Src/stm32h7xx_hal_cortex.o
                0x0000000008003198                HAL_NVIC_EnableIRQ
 .text.HAL_GPIO_Init
                0x00000000080031b4      0x350 ./Drivers/STM32H7xx_HAL_Driver/Src/stm32h7xx_hal_gpio.o
                0x00000000080031b4                HAL_GPIO_Init
 .text.HAL_GPIO_WritePin
                0x0000000008003504       0x32 ./Drivers/STM32H7xx_HAL_Driver/Src/stm32h7xx_hal_gpio.o
                0x0000000008003504                HAL_GPIO_WritePin
 .text.HAL_PCD_Init
                0x0000000008003536      0x248 ./Drivers/STM32H7xx_HAL_Driver/Src/stm32h7xx_hal_pcd.o
                0x0000000008003536                HAL_PCD_Init
 .text.HAL_PCD_Start
                0x000000000800377e       0x66 ./Drivers/STM32H7xx_HAL_Driver/Src/stm32h7xx_hal_pcd.o
                0x000000000800377e                HAL_PCD_Start
 .text.HAL_PCD_IRQHandler
                0x00000000080037e4      0x7be ./Drivers/STM32H7xx_HAL_Driver/Src/stm32h7xx_hal_pcd.o
                0x00000000080037e4                HAL_PCD_IRQHandler
 .text.HAL_PCD_SetAddress
                0x0000000008003fa2       0x4a ./Drivers/STM32H7xx_HAL_Driver/Src/stm32h7xx_hal_pcd.o
                0x0000000008003fa2                HAL_PCD_SetAddress
 .text.HAL_PCD_EP_Open
                0x0000000008003fec       0xd0 ./Drivers/STM32H7xx_HAL_Driver/Src/stm32h7xx_hal_pcd.o
                0x0000000008003fec                HAL_PCD_EP_Open
 .text.HAL_PCD_EP_Close
                0x00000000080040bc       0x94 ./Drivers/STM32H7xx_HAL_Driver/Src/stm32h7xx_hal_pcd.o
                0x00000000080040bc                HAL_PCD_EP_Close
 .text.HAL_PCD_EP_Receive
                0x0000000008004150       0x96 ./Drivers/STM32H7xx_HAL_Driver/Src/stm32h7xx_hal_pcd.o
                0x0000000008004150                HAL_PCD_EP_Receive
 .text.HAL_PCD_EP_GetRxCount
                0x00000000080041e6       0x30 ./Drivers/STM32H7xx_HAL_Driver/Src/stm32h7xx_hal_pcd.o
                0x00000000080041e6                HAL_PCD_EP_GetRxCount
 .text.HAL_PCD_EP_Transmit
                0x0000000008004216       0x94 ./Drivers/STM32H7xx_HAL_Driver/Src/stm32h7xx_hal_pcd.o
                0x0000000008004216                HAL_PCD_EP_Transmit
 .text.HAL_PCD_EP_SetStall
                0x00000000080042aa       0xc8 ./Drivers/STM32H7xx_HAL_Driver/Src/stm32h7xx_hal_pcd.o
                0x00000000080042aa                HAL_PCD_EP_SetStall
 .text.HAL_PCD_EP_ClrStall
                0x0000000008004372       0xac ./Drivers/STM32H7xx_HAL_Driver/Src/stm32h7xx_hal_pcd.o
                0x0000000008004372                HAL_PCD_EP_ClrStall
 .text.PCD_WriteEmptyTxFifo
                0x000000000800441e      0x11a ./Drivers/STM32H7xx_HAL_Driver/Src/stm32h7xx_hal_pcd.o
 .text.PCD_EP_OutXfrComplete_int
                0x0000000008004538      0x218 ./Drivers/STM32H7xx_HAL_Driver/Src/stm32h7xx_hal_pcd.o
 .text.PCD_EP_OutSetupPacket_int
                0x0000000008004750       0x8c ./Drivers/STM32H7xx_HAL_Driver/Src/stm32h7xx_hal_pcd.o
 .text.HAL_PCDEx_SetTxFiFo
                0x00000000080047dc       0x8e ./Drivers/STM32H7xx_HAL_Driver/Src/stm32h7xx_hal_pcd_ex.o
                0x00000000080047dc                HAL_PCDEx_SetTxFiFo
 .text.HAL_PCDEx_SetRxFiFo
                0x000000000800486a       0x22 ./Drivers/STM32H7xx_HAL_Driver/Src/stm32h7xx_hal_pcd_ex.o
                0x000000000800486a                HAL_PCDEx_SetRxFiFo
 .text.HAL_PCDEx_ActivateLPM
                0x000000000800488c       0x48 ./Drivers/STM32H7xx_HAL_Driver/Src/stm32h7xx_hal_pcd_ex.o
                0x000000000800488c                HAL_PCDEx_ActivateLPM
 .text.HAL_PCDEx_LPM_Callback
                0x00000000080048d4       0x18 ./Drivers/STM32H7xx_HAL_Driver/Src/stm32h7xx_hal_pcd_ex.o
                0x00000000080048d4                HAL_PCDEx_LPM_Callback
 .text.HAL_PWREx_ConfigSupply
                0x00000000080048ec       0x74 ./Drivers/STM32H7xx_HAL_Driver/Src/stm32h7xx_hal_pwr_ex.o
                0x00000000080048ec                HAL_PWREx_ConfigSupply
 .text.HAL_PWREx_EnableUSBVoltageDetector
                0x0000000008004960       0x20 ./Drivers/STM32H7xx_HAL_Driver/Src/stm32h7xx_hal_pwr_ex.o
                0x0000000008004960                HAL_PWREx_EnableUSBVoltageDetector
 .text.HAL_RCC_OscConfig
                0x0000000008004980      0x71c ./Drivers/STM32H7xx_HAL_Driver/Src/stm32h7xx_hal_rcc.o
                0x0000000008004980                HAL_RCC_OscConfig
 .text.HAL_RCC_ClockConfig
                0x000000000800509c      0x36c ./Drivers/STM32H7xx_HAL_Driver/Src/stm32h7xx_hal_rcc.o
                0x000000000800509c                HAL_RCC_ClockConfig
 .text.HAL_RCC_GetSysClockFreq
                0x0000000008005408      0x2f4 ./Drivers/STM32H7xx_HAL_Driver/Src/stm32h7xx_hal_rcc.o
                0x0000000008005408                HAL_RCC_GetSysClockFreq
 .text.HAL_RCC_GetHCLKFreq
                0x00000000080056fc       0x60 ./Drivers/STM32H7xx_HAL_Driver/Src/stm32h7xx_hal_rcc.o
                0x00000000080056fc                HAL_RCC_GetHCLKFreq
 .text.HAL_RCC_GetPCLK1Freq
                0x000000000800575c       0x2c ./Drivers/STM32H7xx_HAL_Driver/Src/stm32h7xx_hal_rcc.o
                0x000000000800575c                HAL_RCC_GetPCLK1Freq
 .text.HAL_RCC_GetClockConfig
                0x0000000008005788       0x84 ./Drivers/STM32H7xx_HAL_Driver/Src/stm32h7xx_hal_rcc.o
                0x0000000008005788                HAL_RCC_GetClockConfig
 .text.HAL_RCCEx_PeriphCLKConfig
                0x000000000800580c      0xdf4 ./Drivers/STM32H7xx_HAL_Driver/Src/stm32h7xx_hal_rcc_ex.o
                0x000000000800580c                HAL_RCCEx_PeriphCLKConfig
 .text.HAL_RCCEx_GetPeriphCLKFreq
                0x0000000008006600      0x848 ./Drivers/STM32H7xx_HAL_Driver/Src/stm32h7xx_hal_rcc_ex.o
                0x0000000008006600                HAL_RCCEx_GetPeriphCLKFreq
 .text.HAL_RCCEx_GetD3PCLK1Freq
                0x0000000008006e48       0x2c ./Drivers/STM32H7xx_HAL_Driver/Src/stm32h7xx_hal_rcc_ex.o
                0x0000000008006e48                HAL_RCCEx_GetD3PCLK1Freq
 .text.HAL_RCCEx_GetPLL2ClockFreq
                0x0000000008006e74      0x2a8 ./Drivers/STM32H7xx_HAL_Driver/Src/stm32h7xx_hal_rcc_ex.o
                0x0000000008006e74                HAL_RCCEx_GetPLL2ClockFreq
 .text.HAL_RCCEx_GetPLL3ClockFreq
                0x000000000800711c      0x2a8 ./Drivers/STM32H7xx_HAL_Driver/Src/stm32h7xx_hal_rcc_ex.o
                0x000000000800711c                HAL_RCCEx_GetPLL3ClockFreq
 .text.HAL_RCCEx_GetPLL1ClockFreq
                0x00000000080073c4      0x2a4 ./Drivers/STM32H7xx_HAL_Driver/Src/stm32h7xx_hal_rcc_ex.o
                0x00000000080073c4                HAL_RCCEx_GetPLL1ClockFreq
 .text.RCCEx_PLL2_Config
                0x0000000008007668      0x164 ./Drivers/STM32H7xx_HAL_Driver/Src/stm32h7xx_hal_rcc_ex.o
 .text.RCCEx_PLL3_Config
                0x00000000080077cc      0x164 ./Drivers/STM32H7xx_HAL_Driver/Src/stm32h7xx_hal_rcc_ex.o
 .text.HAL_TIM_Base_Init
                0x0000000008007930       0xae ./Drivers/STM32H7xx_HAL_Driver/Src/stm32h7xx_hal_tim.o
                0x0000000008007930                HAL_TIM_Base_Init
 *fill*         0x00000000080079de        0x2 
 .text.HAL_TIM_Base_Start_IT
                0x00000000080079e0      0x10c ./Drivers/STM32H7xx_HAL_Driver/Src/stm32h7xx_hal_tim.o
                0x00000000080079e0                HAL_TIM_Base_Start_IT
 .text.HAL_TIM_Base_Stop_IT
                0x0000000008007aec       0x5e ./Drivers/STM32H7xx_HAL_Driver/Src/stm32h7xx_hal_tim.o
                0x0000000008007aec                HAL_TIM_Base_Stop_IT
 .text.HAL_TIM_IRQHandler
                0x0000000008007b4a      0x23e ./Drivers/STM32H7xx_HAL_Driver/Src/stm32h7xx_hal_tim.o
                0x0000000008007b4a                HAL_TIM_IRQHandler
 .text.HAL_TIM_OC_DelayElapsedCallback
                0x0000000008007d88       0x14 ./Drivers/STM32H7xx_HAL_Driver/Src/stm32h7xx_hal_tim.o
                0x0000000008007d88                HAL_TIM_OC_DelayElapsedCallback
 .text.HAL_TIM_IC_CaptureCallback
                0x0000000008007d9c       0x14 ./Drivers/STM32H7xx_HAL_Driver/Src/stm32h7xx_hal_tim.o
                0x0000000008007d9c                HAL_TIM_IC_CaptureCallback
 .text.HAL_TIM_PWM_PulseFinishedCallback
                0x0000000008007db0       0x14 ./Drivers/STM32H7xx_HAL_Driver/Src/stm32h7xx_hal_tim.o
                0x0000000008007db0                HAL_TIM_PWM_PulseFinishedCallback
 .text.HAL_TIM_TriggerCallback
                0x0000000008007dc4       0x14 ./Drivers/STM32H7xx_HAL_Driver/Src/stm32h7xx_hal_tim.o
                0x0000000008007dc4                HAL_TIM_TriggerCallback
 .text.TIM_Base_SetConfig
                0x0000000008007dd8      0x14c ./Drivers/STM32H7xx_HAL_Driver/Src/stm32h7xx_hal_tim.o
                0x0000000008007dd8                TIM_Base_SetConfig
 .text.HAL_TIMEx_MasterConfigSynchronization
                0x0000000008007f24      0x138 ./Drivers/STM32H7xx_HAL_Driver/Src/stm32h7xx_hal_tim_ex.o
                0x0000000008007f24                HAL_TIMEx_MasterConfigSynchronization
 .text.HAL_TIMEx_CommutCallback
                0x000000000800805c       0x14 ./Drivers/STM32H7xx_HAL_Driver/Src/stm32h7xx_hal_tim_ex.o
                0x000000000800805c                HAL_TIMEx_CommutCallback
 .text.HAL_TIMEx_BreakCallback
                0x0000000008008070       0x14 ./Drivers/STM32H7xx_HAL_Driver/Src/stm32h7xx_hal_tim_ex.o
                0x0000000008008070                HAL_TIMEx_BreakCallback
 .text.HAL_TIMEx_Break2Callback
                0x0000000008008084       0x14 ./Drivers/STM32H7xx_HAL_Driver/Src/stm32h7xx_hal_tim_ex.o
                0x0000000008008084                HAL_TIMEx_Break2Callback
 .text.USB_CoreInit
                0x0000000008008098       0xdc ./Drivers/STM32H7xx_HAL_Driver/Src/stm32h7xx_ll_usb.o
                0x0000000008008098                USB_CoreInit
 .text.USB_SetTurnaroundTime
                0x0000000008008174      0x144 ./Drivers/STM32H7xx_HAL_Driver/Src/stm32h7xx_ll_usb.o
                0x0000000008008174                USB_SetTurnaroundTime
 .text.USB_EnableGlobalInt
                0x00000000080082b8       0x22 ./Drivers/STM32H7xx_HAL_Driver/Src/stm32h7xx_ll_usb.o
                0x00000000080082b8                USB_EnableGlobalInt
 .text.USB_DisableGlobalInt
                0x00000000080082da       0x22 ./Drivers/STM32H7xx_HAL_Driver/Src/stm32h7xx_ll_usb.o
                0x00000000080082da                USB_DisableGlobalInt
 .text.USB_SetCurrentMode
                0x00000000080082fc       0x54 ./Drivers/STM32H7xx_HAL_Driver/Src/stm32h7xx_ll_usb.o
                0x00000000080082fc                USB_SetCurrentMode
 .text.USB_DevInit
                0x0000000008008350      0x2bc ./Drivers/STM32H7xx_HAL_Driver/Src/stm32h7xx_ll_usb.o
                0x0000000008008350                USB_DevInit
 .text.USB_FlushTxFifo
                0x000000000800860c       0x4c ./Drivers/STM32H7xx_HAL_Driver/Src/stm32h7xx_ll_usb.o
                0x000000000800860c                USB_FlushTxFifo
 .text.USB_FlushRxFifo
                0x0000000008008658       0x44 ./Drivers/STM32H7xx_HAL_Driver/Src/stm32h7xx_ll_usb.o
                0x0000000008008658                USB_FlushRxFifo
 .text.USB_SetDevSpeed
                0x000000000800869c       0x32 ./Drivers/STM32H7xx_HAL_Driver/Src/stm32h7xx_ll_usb.o
                0x000000000800869c                USB_SetDevSpeed
 .text.USB_GetDevSpeed
                0x00000000080086ce       0x4a ./Drivers/STM32H7xx_HAL_Driver/Src/stm32h7xx_ll_usb.o
                0x00000000080086ce                USB_GetDevSpeed
 .text.USB_ActivateEndpoint
                0x0000000008008718      0x110 ./Drivers/STM32H7xx_HAL_Driver/Src/stm32h7xx_ll_usb.o
                0x0000000008008718                USB_ActivateEndpoint
 .text.USB_DeactivateEndpoint
                0x0000000008008828      0x1b8 ./Drivers/STM32H7xx_HAL_Driver/Src/stm32h7xx_ll_usb.o
                0x0000000008008828                USB_DeactivateEndpoint
 .text.USB_EPStartXfer
                0x00000000080089e0      0x498 ./Drivers/STM32H7xx_HAL_Driver/Src/stm32h7xx_ll_usb.o
                0x00000000080089e0                USB_EPStartXfer
 .text.USB_EP0StartXfer
                0x0000000008008e78      0x2b0 ./Drivers/STM32H7xx_HAL_Driver/Src/stm32h7xx_ll_usb.o
                0x0000000008008e78                USB_EP0StartXfer
 .text.USB_WritePacket
                0x0000000008009128       0x7c ./Drivers/STM32H7xx_HAL_Driver/Src/stm32h7xx_ll_usb.o
                0x0000000008009128                USB_WritePacket
 .text.USB_ReadPacket
                0x00000000080091a4       0xb0 ./Drivers/STM32H7xx_HAL_Driver/Src/stm32h7xx_ll_usb.o
                0x00000000080091a4                USB_ReadPacket
 .text.USB_EPSetStall
                0x0000000008009254       0xdc ./Drivers/STM32H7xx_HAL_Driver/Src/stm32h7xx_ll_usb.o
                0x0000000008009254                USB_EPSetStall
 .text.USB_EPClearStall
                0x0000000008009330       0xcc ./Drivers/STM32H7xx_HAL_Driver/Src/stm32h7xx_ll_usb.o
                0x0000000008009330                USB_EPClearStall
 .text.USB_SetDevAddress
                0x00000000080093fc       0x4c ./Drivers/STM32H7xx_HAL_Driver/Src/stm32h7xx_ll_usb.o
                0x00000000080093fc                USB_SetDevAddress
 .text.USB_DevConnect
                0x0000000008009448       0x42 ./Drivers/STM32H7xx_HAL_Driver/Src/stm32h7xx_ll_usb.o
                0x0000000008009448                USB_DevConnect
 .text.USB_DevDisconnect
                0x000000000800948a       0x42 ./Drivers/STM32H7xx_HAL_Driver/Src/stm32h7xx_ll_usb.o
                0x000000000800948a                USB_DevDisconnect
 .text.USB_ReadInterrupts
                0x00000000080094cc       0x26 ./Drivers/STM32H7xx_HAL_Driver/Src/stm32h7xx_ll_usb.o
                0x00000000080094cc                USB_ReadInterrupts
 .text.USB_ReadDevAllOutEpInterrupt
                0x00000000080094f2       0x34 ./Drivers/STM32H7xx_HAL_Driver/Src/stm32h7xx_ll_usb.o
                0x00000000080094f2                USB_ReadDevAllOutEpInterrupt
 .text.USB_ReadDevAllInEpInterrupt
                0x0000000008009526       0x34 ./Drivers/STM32H7xx_HAL_Driver/Src/stm32h7xx_ll_usb.o
                0x0000000008009526                USB_ReadDevAllInEpInterrupt
 .text.USB_ReadDevOutEPInterrupt
                0x000000000800955a       0x3c ./Drivers/STM32H7xx_HAL_Driver/Src/stm32h7xx_ll_usb.o
                0x000000000800955a                USB_ReadDevOutEPInterrupt
 .text.USB_ReadDevInEPInterrupt
                0x0000000008009596       0x5c ./Drivers/STM32H7xx_HAL_Driver/Src/stm32h7xx_ll_usb.o
                0x0000000008009596                USB_ReadDevInEPInterrupt
 .text.USB_GetMode
                0x00000000080095f2       0x1c ./Drivers/STM32H7xx_HAL_Driver/Src/stm32h7xx_ll_usb.o
                0x00000000080095f2                USB_GetMode
 *fill*         0x000000000800960e        0x2 
 .text.USB_ActivateSetup
                0x0000000008009610       0x48 ./Drivers/STM32H7xx_HAL_Driver/Src/stm32h7xx_ll_usb.o
                0x0000000008009610                USB_ActivateSetup
 .text.USB_EP0_OutStart
                0x0000000008009658       0xbc ./Drivers/STM32H7xx_HAL_Driver/Src/stm32h7xx_ll_usb.o
                0x0000000008009658                USB_EP0_OutStart
 .text.USB_CoreReset
                0x0000000008009714       0x68 ./Drivers/STM32H7xx_HAL_Driver/Src/stm32h7xx_ll_usb.o
 .text.USBD_CDC_Init
                0x000000000800977c       0xfe ./Middlewares/ST/STM32_USB_Device_Library/Class/CDC/Src/usbd_cdc.o
 .text.USBD_CDC_DeInit
                0x000000000800987a       0x74 ./Middlewares/ST/STM32_USB_Device_Library/Class/CDC/Src/usbd_cdc.o
 *fill*         0x00000000080098ee        0x2 
 .text.USBD_CDC_Setup
                0x00000000080098f0      0x190 ./Middlewares/ST/STM32_USB_Device_Library/Class/CDC/Src/usbd_cdc.o
 .text.USBD_CDC_DataIn
                0x0000000008009a80       0xca ./Middlewares/ST/STM32_USB_Device_Library/Class/CDC/Src/usbd_cdc.o
 .text.USBD_CDC_DataOut
                0x0000000008009b4a       0x56 ./Middlewares/ST/STM32_USB_Device_Library/Class/CDC/Src/usbd_cdc.o
 .text.USBD_CDC_EP0_RxReady
                0x0000000008009ba0       0x5a ./Middlewares/ST/STM32_USB_Device_Library/Class/CDC/Src/usbd_cdc.o
 *fill*         0x0000000008009bfa        0x2 
 .text.USBD_CDC_GetFSCfgDesc
                0x0000000008009bfc       0x20 ./Middlewares/ST/STM32_USB_Device_Library/Class/CDC/Src/usbd_cdc.o
 .text.USBD_CDC_GetHSCfgDesc
                0x0000000008009c1c       0x20 ./Middlewares/ST/STM32_USB_Device_Library/Class/CDC/Src/usbd_cdc.o
 .text.USBD_CDC_GetOtherSpeedCfgDesc
                0x0000000008009c3c       0x20 ./Middlewares/ST/STM32_USB_Device_Library/Class/CDC/Src/usbd_cdc.o
 .text.USBD_CDC_GetDeviceQualifierDescriptor
                0x0000000008009c5c       0x20 ./Middlewares/ST/STM32_USB_Device_Library/Class/CDC/Src/usbd_cdc.o
                0x0000000008009c5c                USBD_CDC_GetDeviceQualifierDescriptor
 .text.USBD_CDC_RegisterInterface
                0x0000000008009c7c       0x2a ./Middlewares/ST/STM32_USB_Device_Library/Class/CDC/Src/usbd_cdc.o
                0x0000000008009c7c                USBD_CDC_RegisterInterface
 .text.USBD_CDC_SetTxBuffer
                0x0000000008009ca6       0x3c ./Middlewares/ST/STM32_USB_Device_Library/Class/CDC/Src/usbd_cdc.o
                0x0000000008009ca6                USBD_CDC_SetTxBuffer
 .text.USBD_CDC_SetRxBuffer
                0x0000000008009ce2       0x32 ./Middlewares/ST/STM32_USB_Device_Library/Class/CDC/Src/usbd_cdc.o
                0x0000000008009ce2                USBD_CDC_SetRxBuffer
 .text.USBD_CDC_TransmitPacket
                0x0000000008009d14       0x60 ./Middlewares/ST/STM32_USB_Device_Library/Class/CDC/Src/usbd_cdc.o
                0x0000000008009d14                USBD_CDC_TransmitPacket
 .text.USBD_CDC_ReceivePacket
                0x0000000008009d74       0x54 ./Middlewares/ST/STM32_USB_Device_Library/Class/CDC/Src/usbd_cdc.o
                0x0000000008009d74                USBD_CDC_ReceivePacket
 .text.USBD_Init
                0x0000000008009dc8       0x60 ./Middlewares/ST/STM32_USB_Device_Library/Core/Src/usbd_core.o
                0x0000000008009dc8                USBD_Init
 .text.USBD_RegisterClass
                0x0000000008009e28       0x4e ./Middlewares/ST/STM32_USB_Device_Library/Core/Src/usbd_core.o
                0x0000000008009e28                USBD_RegisterClass
 .text.USBD_Start
                0x0000000008009e76       0x18 ./Middlewares/ST/STM32_USB_Device_Library/Core/Src/usbd_core.o
                0x0000000008009e76                USBD_Start
 .text.USBD_RunTestMode
                0x0000000008009e8e       0x16 ./Middlewares/ST/STM32_USB_Device_Library/Core/Src/usbd_core.o
                0x0000000008009e8e                USBD_RunTestMode
 .text.USBD_SetClassConfig
                0x0000000008009ea4       0x38 ./Middlewares/ST/STM32_USB_Device_Library/Core/Src/usbd_core.o
                0x0000000008009ea4                USBD_SetClassConfig
 .text.USBD_ClrClassConfig
                0x0000000008009edc       0x30 ./Middlewares/ST/STM32_USB_Device_Library/Core/Src/usbd_core.o
                0x0000000008009edc                USBD_ClrClassConfig
 .text.USBD_LL_SetupStage
                0x0000000008009f0c       0xaa ./Middlewares/ST/STM32_USB_Device_Library/Core/Src/usbd_core.o
                0x0000000008009f0c                USBD_LL_SetupStage
 .text.USBD_LL_DataOutStage
                0x0000000008009fb6       0xc6 ./Middlewares/ST/STM32_USB_Device_Library/Core/Src/usbd_core.o
                0x0000000008009fb6                USBD_LL_DataOutStage
 .text.USBD_LL_DataInStage
                0x000000000800a07c      0x12c ./Middlewares/ST/STM32_USB_Device_Library/Core/Src/usbd_core.o
                0x000000000800a07c                USBD_LL_DataInStage
 .text.USBD_LL_Reset
                0x000000000800a1a8       0x9c ./Middlewares/ST/STM32_USB_Device_Library/Core/Src/usbd_core.o
                0x000000000800a1a8                USBD_LL_Reset
 .text.USBD_LL_SetSpeed
                0x000000000800a244       0x20 ./Middlewares/ST/STM32_USB_Device_Library/Core/Src/usbd_core.o
                0x000000000800a244                USBD_LL_SetSpeed
 .text.USBD_LL_Suspend
                0x000000000800a264       0x2c ./Middlewares/ST/STM32_USB_Device_Library/Core/Src/usbd_core.o
                0x000000000800a264                USBD_LL_Suspend
 .text.USBD_LL_Resume
                0x000000000800a290       0x30 ./Middlewares/ST/STM32_USB_Device_Library/Core/Src/usbd_core.o
                0x000000000800a290                USBD_LL_Resume
 .text.USBD_LL_SOF
                0x000000000800a2c0       0x44 ./Middlewares/ST/STM32_USB_Device_Library/Core/Src/usbd_core.o
                0x000000000800a2c0                USBD_LL_SOF
 .text.USBD_LL_IsoINIncomplete
                0x000000000800a304       0x4c ./Middlewares/ST/STM32_USB_Device_Library/Core/Src/usbd_core.o
                0x000000000800a304                USBD_LL_IsoINIncomplete
 .text.USBD_LL_IsoOUTIncomplete
                0x000000000800a350       0x4c ./Middlewares/ST/STM32_USB_Device_Library/Core/Src/usbd_core.o
                0x000000000800a350                USBD_LL_IsoOUTIncomplete
 .text.USBD_LL_DevConnected
                0x000000000800a39c       0x16 ./Middlewares/ST/STM32_USB_Device_Library/Core/Src/usbd_core.o
                0x000000000800a39c                USBD_LL_DevConnected
 .text.USBD_LL_DevDisconnected
                0x000000000800a3b2       0x38 ./Middlewares/ST/STM32_USB_Device_Library/Core/Src/usbd_core.o
                0x000000000800a3b2                USBD_LL_DevDisconnected
 .text.SWAPBYTE
                0x000000000800a3ea       0x3c ./Middlewares/ST/STM32_USB_Device_Library/Core/Src/usbd_ctlreq.o
 *fill*         0x000000000800a426        0x2 
 .text.USBD_StdDevReq
                0x000000000800a428       0xdc ./Middlewares/ST/STM32_USB_Device_Library/Core/Src/usbd_ctlreq.o
                0x000000000800a428                USBD_StdDevReq
 .text.USBD_StdItfReq
                0x000000000800a504       0x92 ./Middlewares/ST/STM32_USB_Device_Library/Core/Src/usbd_ctlreq.o
                0x000000000800a504                USBD_StdItfReq
 .text.USBD_StdEPReq
                0x000000000800a596      0x2c4 ./Middlewares/ST/STM32_USB_Device_Library/Core/Src/usbd_ctlreq.o
                0x000000000800a596                USBD_StdEPReq
 *fill*         0x000000000800a85a        0x2 
 .text.USBD_GetDescriptor
                0x000000000800a85c      0x2d4 ./Middlewares/ST/STM32_USB_Device_Library/Core/Src/usbd_ctlreq.o
 .text.USBD_SetAddress
                0x000000000800ab30       0x88 ./Middlewares/ST/STM32_USB_Device_Library/Core/Src/usbd_ctlreq.o
 .text.USBD_SetConfig
                0x000000000800abb8      0x14c ./Middlewares/ST/STM32_USB_Device_Library/Core/Src/usbd_ctlreq.o
 .text.USBD_GetConfig
                0x000000000800ad04       0x6c ./Middlewares/ST/STM32_USB_Device_Library/Core/Src/usbd_ctlreq.o
 .text.USBD_GetStatus
                0x000000000800ad70       0x68 ./Middlewares/ST/STM32_USB_Device_Library/Core/Src/usbd_ctlreq.o
 .text.USBD_SetFeature
                0x000000000800add8       0x28 ./Middlewares/ST/STM32_USB_Device_Library/Core/Src/usbd_ctlreq.o
 .text.USBD_ClrFeature
                0x000000000800ae00       0x44 ./Middlewares/ST/STM32_USB_Device_Library/Core/Src/usbd_ctlreq.o
 .text.USBD_ParseSetupRequest
                0x000000000800ae44       0x74 ./Middlewares/ST/STM32_USB_Device_Library/Core/Src/usbd_ctlreq.o
                0x000000000800ae44                USBD_ParseSetupRequest
 .text.USBD_CtlError
                0x000000000800aeb8       0x22 ./Middlewares/ST/STM32_USB_Device_Library/Core/Src/usbd_ctlreq.o
                0x000000000800aeb8                USBD_CtlError
 .text.USBD_GetString
                0x000000000800aeda       0x8c ./Middlewares/ST/STM32_USB_Device_Library/Core/Src/usbd_ctlreq.o
                0x000000000800aeda                USBD_GetString
 .text.USBD_GetLen
                0x000000000800af66       0x34 ./Middlewares/ST/STM32_USB_Device_Library/Core/Src/usbd_ctlreq.o
 .text.USBD_CtlSendData
                0x000000000800af9a       0x36 ./Middlewares/ST/STM32_USB_Device_Library/Core/Src/usbd_ioreq.o
                0x000000000800af9a                USBD_CtlSendData
 .text.USBD_CtlContinueSendData
                0x000000000800afd0       0x22 ./Middlewares/ST/STM32_USB_Device_Library/Core/Src/usbd_ioreq.o
                0x000000000800afd0                USBD_CtlContinueSendData
 .text.USBD_CtlPrepareRx
                0x000000000800aff2       0x3a ./Middlewares/ST/STM32_USB_Device_Library/Core/Src/usbd_ioreq.o
                0x000000000800aff2                USBD_CtlPrepareRx
 .text.USBD_CtlContinueRx
                0x000000000800b02c       0x22 ./Middlewares/ST/STM32_USB_Device_Library/Core/Src/usbd_ioreq.o
                0x000000000800b02c                USBD_CtlContinueRx
 .text.USBD_CtlSendStatus
                0x000000000800b04e       0x26 ./Middlewares/ST/STM32_USB_Device_Library/Core/Src/usbd_ioreq.o
                0x000000000800b04e                USBD_CtlSendStatus
 .text.USBD_CtlReceiveStatus
                0x000000000800b074       0x26 ./Middlewares/ST/STM32_USB_Device_Library/Core/Src/usbd_ioreq.o
                0x000000000800b074                USBD_CtlReceiveStatus
 .text.makeFreeRtosPriority
                0x000000000800b09a       0x30 ./Middlewares/Third_Party/FreeRTOS/Source/CMSIS_RTOS/cmsis_os.o
 .text.osThreadCreate
                0x000000000800b0ca       0x4e ./Middlewares/Third_Party/FreeRTOS/Source/CMSIS_RTOS/cmsis_os.o
                0x000000000800b0ca                osThreadCreate
 .text.osDelay  0x000000000800b118       0x28 ./Middlewares/Third_Party/FreeRTOS/Source/CMSIS_RTOS/cmsis_os.o
                0x000000000800b118                osDelay
 .text.vListInitialise
                0x000000000800b140       0x40 ./Middlewares/Third_Party/FreeRTOS/Source/list.o
                0x000000000800b140                vListInitialise
 .text.vListInitialiseItem
                0x000000000800b180       0x1a ./Middlewares/Third_Party/FreeRTOS/Source/list.o
                0x000000000800b180                vListInitialiseItem
 .text.vListInsertEnd
                0x000000000800b19a       0x48 ./Middlewares/Third_Party/FreeRTOS/Source/list.o
                0x000000000800b19a                vListInsertEnd
 .text.vListInsert
                0x000000000800b1e2       0x72 ./Middlewares/Third_Party/FreeRTOS/Source/list.o
                0x000000000800b1e2                vListInsert
 .text.uxListRemove
                0x000000000800b254       0x54 ./Middlewares/Third_Party/FreeRTOS/Source/list.o
                0x000000000800b254                uxListRemove
 .text.xQueueGenericReset
                0x000000000800b2a8       0xd0 ./Middlewares/Third_Party/FreeRTOS/Source/queue.o
                0x000000000800b2a8                xQueueGenericReset
 .text.xQueueGenericCreate
                0x000000000800b378       0x6c ./Middlewares/Third_Party/FreeRTOS/Source/queue.o
                0x000000000800b378                xQueueGenericCreate
 .text.prvInitialiseNewQueue
                0x000000000800b3e4       0x3e ./Middlewares/Third_Party/FreeRTOS/Source/queue.o
 *fill*         0x000000000800b422        0x2 
 .text.xQueueGenericSend
                0x000000000800b424      0x1cc ./Middlewares/Third_Party/FreeRTOS/Source/queue.o
                0x000000000800b424                xQueueGenericSend
 .text.xQueueReceive
                0x000000000800b5f0      0x190 ./Middlewares/Third_Party/FreeRTOS/Source/queue.o
                0x000000000800b5f0                xQueueReceive
 .text.xQueueSemaphoreTake
                0x000000000800b780      0x174 ./Middlewares/Third_Party/FreeRTOS/Source/queue.o
                0x000000000800b780                xQueueSemaphoreTake
 .text.prvCopyDataToQueue
                0x000000000800b8f4       0xb8 ./Middlewares/Third_Party/FreeRTOS/Source/queue.o
 .text.prvCopyDataFromQueue
                0x000000000800b9ac       0x4c ./Middlewares/Third_Party/FreeRTOS/Source/queue.o
 .text.prvUnlockQueue
                0x000000000800b9f8       0xa4 ./Middlewares/Third_Party/FreeRTOS/Source/queue.o
 .text.prvIsQueueEmpty
                0x000000000800ba9c       0x2c ./Middlewares/Third_Party/FreeRTOS/Source/queue.o
 .text.prvIsQueueFull
                0x000000000800bac8       0x30 ./Middlewares/Third_Party/FreeRTOS/Source/queue.o
 .text.xTaskCreate
                0x000000000800baf8       0x82 ./Middlewares/Third_Party/FreeRTOS/Source/tasks.o
                0x000000000800baf8                xTaskCreate
 *fill*         0x000000000800bb7a        0x2 
 .text.prvInitialiseNewTask
                0x000000000800bb7c      0x130 ./Middlewares/Third_Party/FreeRTOS/Source/tasks.o
 .text.prvAddNewTaskToReadyList
                0x000000000800bcac       0xd4 ./Middlewares/Third_Party/FreeRTOS/Source/tasks.o
 .text.vTaskDelay
                0x000000000800bd80       0x68 ./Middlewares/Third_Party/FreeRTOS/Source/tasks.o
                0x000000000800bd80                vTaskDelay
 .text.vTaskStartScheduler
                0x000000000800bde8       0xa0 ./Middlewares/Third_Party/FreeRTOS/Source/tasks.o
                0x000000000800bde8                vTaskStartScheduler
 .text.vTaskSuspendAll
                0x000000000800be88       0x1c ./Middlewares/Third_Party/FreeRTOS/Source/tasks.o
                0x000000000800be88                vTaskSuspendAll
 .text.xTaskResumeAll
                0x000000000800bea4      0x138 ./Middlewares/Third_Party/FreeRTOS/Source/tasks.o
                0x000000000800bea4                xTaskResumeAll
 .text.xTaskIncrementTick
                0x000000000800bfdc      0x170 ./Middlewares/Third_Party/FreeRTOS/Source/tasks.o
                0x000000000800bfdc                xTaskIncrementTick
 .text.vTaskSwitchContext
                0x000000000800c14c       0xc4 ./Middlewares/Third_Party/FreeRTOS/Source/tasks.o
                0x000000000800c14c                vTaskSwitchContext
 .text.vTaskPlaceOnEventList
                0x000000000800c210       0x48 ./Middlewares/Third_Party/FreeRTOS/Source/tasks.o
                0x000000000800c210                vTaskPlaceOnEventList
 .text.xTaskRemoveFromEventList
                0x000000000800c258       0xc4 ./Middlewares/Third_Party/FreeRTOS/Source/tasks.o
                0x000000000800c258                xTaskRemoveFromEventList
 .text.vTaskInternalSetTimeOutState
                0x000000000800c31c       0x2c ./Middlewares/Third_Party/FreeRTOS/Source/tasks.o
                0x000000000800c31c                vTaskInternalSetTimeOutState
 .text.xTaskCheckForTimeOut
                0x000000000800c348       0xb4 ./Middlewares/Third_Party/FreeRTOS/Source/tasks.o
                0x000000000800c348                xTaskCheckForTimeOut
 .text.vTaskMissedYield
                0x000000000800c3fc       0x18 ./Middlewares/Third_Party/FreeRTOS/Source/tasks.o
                0x000000000800c3fc                vTaskMissedYield
 .text.prvIdleTask
                0x000000000800c414       0x30 ./Middlewares/Third_Party/FreeRTOS/Source/tasks.o
 .text.prvInitialiseTaskLists
                0x000000000800c444       0x6c ./Middlewares/Third_Party/FreeRTOS/Source/tasks.o
 .text.prvCheckTasksWaitingTermination
                0x000000000800c4b0        0xe ./Middlewares/Third_Party/FreeRTOS/Source/tasks.o
 *fill*         0x000000000800c4be        0x2 
 .text.prvResetNextTaskUnblockTime
                0x000000000800c4c0       0x40 ./Middlewares/Third_Party/FreeRTOS/Source/tasks.o
 .text.prvAddCurrentTaskToDelayedList
                0x000000000800c500       0xa8 ./Middlewares/Third_Party/FreeRTOS/Source/tasks.o
 .text.pxPortInitialiseStack
                0x000000000800c5a8       0x68 ./Middlewares/Third_Party/FreeRTOS/Source/portable/GCC/ARM_CM4F/port.o
                0x000000000800c5a8                pxPortInitialiseStack
 .text.prvTaskExitError
                0x000000000800c610       0x58 ./Middlewares/Third_Party/FreeRTOS/Source/portable/GCC/ARM_CM4F/port.o
 *fill*         0x000000000800c668        0x8 
 .text.SVC_Handler
                0x000000000800c670       0x28 ./Middlewares/Third_Party/FreeRTOS/Source/portable/GCC/ARM_CM4F/port.o
                0x000000000800c670                SVC_Handler
 .text.prvPortStartFirstTask
                0x000000000800c698       0x28 ./Middlewares/Third_Party/FreeRTOS/Source/portable/GCC/ARM_CM4F/port.o
 .text.xPortStartScheduler
                0x000000000800c6c0      0x144 ./Middlewares/Third_Party/FreeRTOS/Source/portable/GCC/ARM_CM4F/port.o
                0x000000000800c6c0                xPortStartScheduler
 .text.vPortEnterCritical
                0x000000000800c804       0x60 ./Middlewares/Third_Party/FreeRTOS/Source/portable/GCC/ARM_CM4F/port.o
                0x000000000800c804                vPortEnterCritical
 .text.vPortExitCritical
                0x000000000800c864       0x54 ./Middlewares/Third_Party/FreeRTOS/Source/portable/GCC/ARM_CM4F/port.o
                0x000000000800c864                vPortExitCritical
 *fill*         0x000000000800c8b8        0x8 
 .text.PendSV_Handler
                0x000000000800c8c0       0x68 ./Middlewares/Third_Party/FreeRTOS/Source/portable/GCC/ARM_CM4F/port.o
                0x000000000800c8c0                PendSV_Handler
 .text.SysTick_Handler
                0x000000000800c928       0x44 ./Middlewares/Third_Party/FreeRTOS/Source/portable/GCC/ARM_CM4F/port.o
                0x000000000800c928                SysTick_Handler
 .text.vPortSetupTimerInterrupt
                0x000000000800c96c       0x48 ./Middlewares/Third_Party/FreeRTOS/Source/portable/GCC/ARM_CM4F/port.o
                0x000000000800c96c                vPortSetupTimerInterrupt
 .text.vPortEnableVFP
                0x000000000800c9b4       0x14 ./Middlewares/Third_Party/FreeRTOS/Source/portable/GCC/ARM_CM4F/port.o
 .text.pvPortMalloc
                0x000000000800c9c8      0x198 ./Middlewares/Third_Party/FreeRTOS/Source/portable/MemMang/heap_4.o
                0x000000000800c9c8                pvPortMalloc
 .text.vPortFree
                0x000000000800cb60       0xc4 ./Middlewares/Third_Party/FreeRTOS/Source/portable/MemMang/heap_4.o
                0x000000000800cb60                vPortFree
 .text.prvHeapInit
                0x000000000800cc24       0xc4 ./Middlewares/Third_Party/FreeRTOS/Source/portable/MemMang/heap_4.o
 .text.prvInsertBlockIntoFreeList
                0x000000000800cce8       0xb4 ./Middlewares/Third_Party/FreeRTOS/Source/portable/MemMang/heap_4.o
 .text.MX_USB_DEVICE_Init
                0x000000000800cd9c       0x64 ./USB_DEVICE/App/usb_device.o
                0x000000000800cd9c                MX_USB_DEVICE_Init
 .text.CDC_Init_HS
                0x000000000800ce00       0x28 ./USB_DEVICE/App/usbd_cdc_if.o
 .text.CDC_DeInit_HS
                0x000000000800ce28       0x10 ./USB_DEVICE/App/usbd_cdc_if.o
 .text.CDC_Control_HS
                0x000000000800ce38       0xbc ./USB_DEVICE/App/usbd_cdc_if.o
 .text.CDC_Receive_HS
                0x000000000800cef4       0x6c ./USB_DEVICE/App/usbd_cdc_if.o
 .text.CDC_Transmit_HS
                0x000000000800cf60       0x4c ./USB_DEVICE/App/usbd_cdc_if.o
                0x000000000800cf60                CDC_Transmit_HS
 .text.CDC_TransmitCplt_HS
                0x000000000800cfac       0x22 ./USB_DEVICE/App/usbd_cdc_if.o
 *fill*         0x000000000800cfce        0x2 
 .text.USBD_HS_DeviceDescriptor
                0x000000000800cfd0       0x24 ./USB_DEVICE/App/usbd_desc.o
                0x000000000800cfd0                USBD_HS_DeviceDescriptor
 .text.USBD_HS_LangIDStrDescriptor
                0x000000000800cff4       0x24 ./USB_DEVICE/App/usbd_desc.o
                0x000000000800cff4                USBD_HS_LangIDStrDescriptor
 .text.USBD_HS_ProductStrDescriptor
                0x000000000800d018       0x3c ./USB_DEVICE/App/usbd_desc.o
                0x000000000800d018                USBD_HS_ProductStrDescriptor
 .text.USBD_HS_ManufacturerStrDescriptor
                0x000000000800d054       0x28 ./USB_DEVICE/App/usbd_desc.o
                0x000000000800d054                USBD_HS_ManufacturerStrDescriptor
 .text.USBD_HS_SerialStrDescriptor
                0x000000000800d07c       0x24 ./USB_DEVICE/App/usbd_desc.o
                0x000000000800d07c                USBD_HS_SerialStrDescriptor
 .text.USBD_HS_ConfigStrDescriptor
                0x000000000800d0a0       0x3c ./USB_DEVICE/App/usbd_desc.o
                0x000000000800d0a0                USBD_HS_ConfigStrDescriptor
 .text.USBD_HS_InterfaceStrDescriptor
                0x000000000800d0dc       0x3c ./USB_DEVICE/App/usbd_desc.o
                0x000000000800d0dc                USBD_HS_InterfaceStrDescriptor
 .text.Get_SerialNum
                0x000000000800d118       0x58 ./USB_DEVICE/App/usbd_desc.o
 .text.IntToUnicode
                0x000000000800d170       0x7e ./USB_DEVICE/App/usbd_desc.o
 *fill*         0x000000000800d1ee        0x2 
 .text.HAL_PCD_MspInit
                0x000000000800d1f0       0xe4 ./USB_DEVICE/Target/usbd_conf.o
                0x000000000800d1f0                HAL_PCD_MspInit
 .text.HAL_PCD_SetupStageCallback
                0x000000000800d2d4       0x24 ./USB_DEVICE/Target/usbd_conf.o
                0x000000000800d2d4                HAL_PCD_SetupStageCallback
 .text.HAL_PCD_DataOutStageCallback
                0x000000000800d2f8       0x36 ./USB_DEVICE/Target/usbd_conf.o
                0x000000000800d2f8                HAL_PCD_DataOutStageCallback
 .text.HAL_PCD_DataInStageCallback
                0x000000000800d32e       0x34 ./USB_DEVICE/Target/usbd_conf.o
                0x000000000800d32e                HAL_PCD_DataInStageCallback
 .text.HAL_PCD_SOFCallback
                0x000000000800d362       0x1c ./USB_DEVICE/Target/usbd_conf.o
                0x000000000800d362                HAL_PCD_SOFCallback
 .text.HAL_PCD_ResetCallback
                0x000000000800d37e       0x50 ./USB_DEVICE/Target/usbd_conf.o
                0x000000000800d37e                HAL_PCD_ResetCallback
 *fill*         0x000000000800d3ce        0x2 
 .text.HAL_PCD_SuspendCallback
                0x000000000800d3d0       0x4c ./USB_DEVICE/Target/usbd_conf.o
                0x000000000800d3d0                HAL_PCD_SuspendCallback
 .text.HAL_PCD_ResumeCallback
                0x000000000800d41c       0x1c ./USB_DEVICE/Target/usbd_conf.o
                0x000000000800d41c                HAL_PCD_ResumeCallback
 .text.HAL_PCD_ISOOUTIncompleteCallback
                0x000000000800d438       0x24 ./USB_DEVICE/Target/usbd_conf.o
                0x000000000800d438                HAL_PCD_ISOOUTIncompleteCallback
 .text.HAL_PCD_ISOINIncompleteCallback
                0x000000000800d45c       0x24 ./USB_DEVICE/Target/usbd_conf.o
                0x000000000800d45c                HAL_PCD_ISOINIncompleteCallback
 .text.HAL_PCD_ConnectCallback
                0x000000000800d480       0x1c ./USB_DEVICE/Target/usbd_conf.o
                0x000000000800d480                HAL_PCD_ConnectCallback
 .text.HAL_PCD_DisconnectCallback
                0x000000000800d49c       0x1c ./USB_DEVICE/Target/usbd_conf.o
                0x000000000800d49c                HAL_PCD_DisconnectCallback
 .text.USBD_LL_Init
                0x000000000800d4b8       0xac ./USB_DEVICE/Target/usbd_conf.o
                0x000000000800d4b8                USBD_LL_Init
 .text.USBD_LL_Start
                0x000000000800d564       0x36 ./USB_DEVICE/Target/usbd_conf.o
                0x000000000800d564                USBD_LL_Start
 .text.USBD_LL_OpenEP
                0x000000000800d59a       0x4c ./USB_DEVICE/Target/usbd_conf.o
                0x000000000800d59a                USBD_LL_OpenEP
 .text.USBD_LL_CloseEP
                0x000000000800d5e6       0x3e ./USB_DEVICE/Target/usbd_conf.o
                0x000000000800d5e6                USBD_LL_CloseEP
 .text.USBD_LL_StallEP
                0x000000000800d624       0x3e ./USB_DEVICE/Target/usbd_conf.o
                0x000000000800d624                USBD_LL_StallEP
 .text.USBD_LL_ClearStallEP
                0x000000000800d662       0x3e ./USB_DEVICE/Target/usbd_conf.o
                0x000000000800d662                USBD_LL_ClearStallEP
 .text.USBD_LL_IsStallEP
                0x000000000800d6a0       0x58 ./USB_DEVICE/Target/usbd_conf.o
                0x000000000800d6a0                USBD_LL_IsStallEP
 .text.USBD_LL_SetUSBAddress
                0x000000000800d6f8       0x3e ./USB_DEVICE/Target/usbd_conf.o
                0x000000000800d6f8                USBD_LL_SetUSBAddress
 .text.USBD_LL_Transmit
                0x000000000800d736       0x42 ./USB_DEVICE/Target/usbd_conf.o
                0x000000000800d736                USBD_LL_Transmit
 .text.USBD_LL_PrepareReceive
                0x000000000800d778       0x42 ./USB_DEVICE/Target/usbd_conf.o
                0x000000000800d778                USBD_LL_PrepareReceive
 .text.USBD_LL_GetRxDataSize
                0x000000000800d7ba       0x26 ./USB_DEVICE/Target/usbd_conf.o
                0x000000000800d7ba                USBD_LL_GetRxDataSize
 .text.USBD_static_malloc
                0x000000000800d7e0       0x1c ./USB_DEVICE/Target/usbd_conf.o
                0x000000000800d7e0                USBD_static_malloc
 .text.USBD_static_free
                0x000000000800d7fc       0x14 ./USB_DEVICE/Target/usbd_conf.o
                0x000000000800d7fc                USBD_static_free
 .text.USBD_Get_USB_Status
                0x000000000800d810       0x58 ./USB_DEVICE/Target/usbd_conf.o
                0x000000000800d810                USBD_Get_USB_Status
 .text.__libc_init_array
                0x000000000800d868       0x48 c:/st/stm32cubeide_1.7.0/stm32cubeide/plugins/com.st.stm32cube.ide.mcu.externaltools.gnu-tools-for-stm32.9-2020-q2-update.win32_2.0.0.202105311346/tools/bin/../lib/gcc/arm-none-eabi/9.3.1/../../../../arm-none-eabi/lib/thumb/v7e-m+dp/hard\libc_nano.a(lib_a-init.o)
                0x000000000800d868                __libc_init_array
 .text.memcpy   0x000000000800d8b0       0x1c c:/st/stm32cubeide_1.7.0/stm32cubeide/plugins/com.st.stm32cube.ide.mcu.externaltools.gnu-tools-for-stm32.9-2020-q2-update.win32_2.0.0.202105311346/tools/bin/../lib/gcc/arm-none-eabi/9.3.1/../../../../arm-none-eabi/lib/thumb/v7e-m+dp/hard\libc_nano.a(lib_a-memcpy-stub.o)
                0x000000000800d8b0                memcpy
 .text.memset   0x000000000800d8cc       0x10 c:/st/stm32cubeide_1.7.0/stm32cubeide/plugins/com.st.stm32cube.ide.mcu.externaltools.gnu-tools-for-stm32.9-2020-q2-update.win32_2.0.0.202105311346/tools/bin/../lib/gcc/arm-none-eabi/9.3.1/../../../../arm-none-eabi/lib/thumb/v7e-m+dp/hard\libc_nano.a(lib_a-memset.o)
                0x000000000800d8cc                memset
 *(.glue_7)
 .glue_7        0x000000000800d8dc        0x0 linker stubs
 *(.glue_7t)
 .glue_7t       0x000000000800d8dc        0x0 linker stubs
 *(.eh_frame)
 .eh_frame      0x000000000800d8dc        0x0 c:/st/stm32cubeide_1.7.0/stm32cubeide/plugins/com.st.stm32cube.ide.mcu.externaltools.gnu-tools-for-stm32.9-2020-q2-update.win32_2.0.0.202105311346/tools/bin/../lib/gcc/arm-none-eabi/9.3.1/thumb/v7e-m+dp/hard/crtbegin.o
 *(.init)
 .init          0x000000000800d8dc        0x4 c:/st/stm32cubeide_1.7.0/stm32cubeide/plugins/com.st.stm32cube.ide.mcu.externaltools.gnu-tools-for-stm32.9-2020-q2-update.win32_2.0.0.202105311346/tools/bin/../lib/gcc/arm-none-eabi/9.3.1/thumb/v7e-m+dp/hard/crti.o
                0x000000000800d8dc                _init
 .init          0x000000000800d8e0        0x8 c:/st/stm32cubeide_1.7.0/stm32cubeide/plugins/com.st.stm32cube.ide.mcu.externaltools.gnu-tools-for-stm32.9-2020-q2-update.win32_2.0.0.202105311346/tools/bin/../lib/gcc/arm-none-eabi/9.3.1/thumb/v7e-m+dp/hard/crtn.o
 *(.fini)
 .fini          0x000000000800d8e8        0x4 c:/st/stm32cubeide_1.7.0/stm32cubeide/plugins/com.st.stm32cube.ide.mcu.externaltools.gnu-tools-for-stm32.9-2020-q2-update.win32_2.0.0.202105311346/tools/bin/../lib/gcc/arm-none-eabi/9.3.1/thumb/v7e-m+dp/hard/crti.o
                0x000000000800d8e8                _fini
 .fini          0x000000000800d8ec        0x8 c:/st/stm32cubeide_1.7.0/stm32cubeide/plugins/com.st.stm32cube.ide.mcu.externaltools.gnu-tools-for-stm32.9-2020-q2-update.win32_2.0.0.202105311346/tools/bin/../lib/gcc/arm-none-eabi/9.3.1/thumb/v7e-m+dp/hard/crtn.o
                0x000000000800d8f4                . = ALIGN (0x4)
                0x000000000800d8f4                _etext = .

.vfp11_veneer   0x000000000800d8f4        0x0
 .vfp11_veneer  0x000000000800d8f4        0x0 linker stubs

.v4_bx          0x000000000800d8f4        0x0
 .v4_bx         0x000000000800d8f4        0x0 linker stubs

.iplt           0x000000000800d8f4        0x0
 .iplt          0x000000000800d8f4        0x0 c:/st/stm32cubeide_1.7.0/stm32cubeide/plugins/com.st.stm32cube.ide.mcu.externaltools.gnu-tools-for-stm32.9-2020-q2-update.win32_2.0.0.202105311346/tools/bin/../lib/gcc/arm-none-eabi/9.3.1/thumb/v7e-m+dp/hard/crtbegin.o

.rodata         0x000000000800d8f4      0x108
                0x000000000800d8f4                . = ALIGN (0x4)
 *(.rodata)
 .rodata        0x000000000800d8f4       0x20 ./Core/Src/main.o
 .rodata        0x000000000800d914       0x1a ./Core/Src/voltmeter.o
 *fill*         0x000000000800d92e        0x2 
 .rodata        0x000000000800d930        0x5 ./Middlewares/Third_Party/FreeRTOS/Source/tasks.o
 *fill*         0x000000000800d935        0x3 
 .rodata        0x000000000800d938       0x46 ./USB_DEVICE/App/usbd_desc.o
 *(.rodata*)
 *fill*         0x000000000800d97e        0x2 
 .rodata.D1CorePrescTable
                0x000000000800d980       0x10 ./Core/Src/system_stm32h7xx.o
                0x000000000800d980                D1CorePrescTable
 .rodata.AvailableADC
                0x000000000800d990        0xc ./Core/Src/voltmeter.o
                0x000000000800d990                AvailableADC
 .rodata.__sf_fake_stderr
                0x000000000800d99c       0x20 c:/st/stm32cubeide_1.7.0/stm32cubeide/plugins/com.st.stm32cube.ide.mcu.externaltools.gnu-tools-for-stm32.9-2020-q2-update.win32_2.0.0.202105311346/tools/bin/../lib/gcc/arm-none-eabi/9.3.1/../../../../arm-none-eabi/lib/thumb/v7e-m+dp/hard\libc_nano.a(lib_a-findfp.o)
                0x000000000800d99c                __sf_fake_stderr
 .rodata.__sf_fake_stdin
                0x000000000800d9bc       0x20 c:/st/stm32cubeide_1.7.0/stm32cubeide/plugins/com.st.stm32cube.ide.mcu.externaltools.gnu-tools-for-stm32.9-2020-q2-update.win32_2.0.0.202105311346/tools/bin/../lib/gcc/arm-none-eabi/9.3.1/../../../../arm-none-eabi/lib/thumb/v7e-m+dp/hard\libc_nano.a(lib_a-findfp.o)
                0x000000000800d9bc                __sf_fake_stdin
 .rodata.__sf_fake_stdout
                0x000000000800d9dc       0x20 c:/st/stm32cubeide_1.7.0/stm32cubeide/plugins/com.st.stm32cube.ide.mcu.externaltools.gnu-tools-for-stm32.9-2020-q2-update.win32_2.0.0.202105311346/tools/bin/../lib/gcc/arm-none-eabi/9.3.1/../../../../arm-none-eabi/lib/thumb/v7e-m+dp/hard\libc_nano.a(lib_a-findfp.o)
                0x000000000800d9dc                __sf_fake_stdout
                0x000000000800d9fc                . = ALIGN (0x4)

.rel.dyn        0x000000000800d9fc        0x0
 .rel.iplt      0x000000000800d9fc        0x0 c:/st/stm32cubeide_1.7.0/stm32cubeide/plugins/com.st.stm32cube.ide.mcu.externaltools.gnu-tools-for-stm32.9-2020-q2-update.win32_2.0.0.202105311346/tools/bin/../lib/gcc/arm-none-eabi/9.3.1/thumb/v7e-m+dp/hard/crtbegin.o

.ARM.extab
 *(.ARM.extab* .gnu.linkonce.armextab.*)

.ARM            0x000000000800d9fc        0x0
                0x000000000800d9fc                __exidx_start = .
 *(.ARM.exidx*)
                0x000000000800d9fc                __exidx_end = .

.preinit_array  0x000000000800d9fc        0x0
                0x000000000800d9fc                PROVIDE (__preinit_array_start = .)
 *(.preinit_array*)
                0x000000000800d9fc                PROVIDE (__preinit_array_end = .)

.init_array     0x000000000800d9fc        0x4
                0x000000000800d9fc                PROVIDE (__init_array_start = .)
 *(SORT_BY_NAME(.init_array.*))
 *(.init_array*)
 .init_array    0x000000000800d9fc        0x4 c:/st/stm32cubeide_1.7.0/stm32cubeide/plugins/com.st.stm32cube.ide.mcu.externaltools.gnu-tools-for-stm32.9-2020-q2-update.win32_2.0.0.202105311346/tools/bin/../lib/gcc/arm-none-eabi/9.3.1/thumb/v7e-m+dp/hard/crtbegin.o
                0x000000000800da00                PROVIDE (__init_array_end = .)

.fini_array     0x000000000800da00        0x4
                [!provide]                        PROVIDE (__fini_array_start = .)
 *(SORT_BY_NAME(.fini_array.*))
 *(.fini_array*)
 .fini_array    0x000000000800da00        0x4 c:/st/stm32cubeide_1.7.0/stm32cubeide/plugins/com.st.stm32cube.ide.mcu.externaltools.gnu-tools-for-stm32.9-2020-q2-update.win32_2.0.0.202105311346/tools/bin/../lib/gcc/arm-none-eabi/9.3.1/thumb/v7e-m+dp/hard/crtbegin.o
                [!provide]                        PROVIDE (__fini_array_end = .)
                0x000000000800da04                _sidata = LOADADDR (.data)

.data           0x0000000024000000      0x1ec load address 0x000000000800da04
                0x0000000024000000                . = ALIGN (0x4)
                0x0000000024000000                _sdata = .
 *(.data)
 *(.data*)
 .data.SystemCoreClock
                0x0000000024000000        0x4 ./Core/Src/system_stm32h7xx.o
                0x0000000024000000                SystemCoreClock
 .data.SystemD2Clock
                0x0000000024000004        0x4 ./Core/Src/system_stm32h7xx.o
                0x0000000024000004                SystemD2Clock
 .data.uwTickPrio
                0x0000000024000008        0x4 ./Drivers/STM32H7xx_HAL_Driver/Src/stm32h7xx_hal.o
                0x0000000024000008                uwTickPrio
 .data.uwTickFreq
                0x000000002400000c        0x1 ./Drivers/STM32H7xx_HAL_Driver/Src/stm32h7xx_hal.o
                0x000000002400000c                uwTickFreq
 *fill*         0x000000002400000d        0x3 
 .data.USBD_CDC_DeviceQualifierDesc
                0x0000000024000010        0xa ./Middlewares/ST/STM32_USB_Device_Library/Class/CDC/Src/usbd_cdc.o
 *fill*         0x000000002400001a        0x2 
 .data.USBD_CDC
                0x000000002400001c       0x38 ./Middlewares/ST/STM32_USB_Device_Library/Class/CDC/Src/usbd_cdc.o
                0x000000002400001c                USBD_CDC
 .data.USBD_CDC_CfgHSDesc
                0x0000000024000054       0x43 ./Middlewares/ST/STM32_USB_Device_Library/Class/CDC/Src/usbd_cdc.o
 *fill*         0x0000000024000097        0x1 
 .data.USBD_CDC_CfgFSDesc
                0x0000000024000098       0x43 ./Middlewares/ST/STM32_USB_Device_Library/Class/CDC/Src/usbd_cdc.o
 *fill*         0x00000000240000db        0x1 
 .data.USBD_CDC_OtherSpeedCfgDesc
                0x00000000240000dc       0x43 ./Middlewares/ST/STM32_USB_Device_Library/Class/CDC/Src/usbd_cdc.o
 *fill*         0x000000002400011f        0x1 
 .data.uxCriticalNesting
                0x0000000024000120        0x4 ./Middlewares/Third_Party/FreeRTOS/Source/portable/GCC/ARM_CM4F/port.o
 .data.USBD_Interface_fops_HS
                0x0000000024000124       0x14 ./USB_DEVICE/App/usbd_cdc_if.o
                0x0000000024000124                USBD_Interface_fops_HS
 .data.HS_Desc  0x0000000024000138       0x1c ./USB_DEVICE/App/usbd_desc.o
                0x0000000024000138                HS_Desc
 .data.USBD_HS_DeviceDesc
                0x0000000024000154       0x12 ./USB_DEVICE/App/usbd_desc.o
                0x0000000024000154                USBD_HS_DeviceDesc
 *fill*         0x0000000024000166        0x2 
 .data.USBD_LangIDDesc
                0x0000000024000168        0x4 ./USB_DEVICE/App/usbd_desc.o
                0x0000000024000168                USBD_LangIDDesc
 .data.USBD_StringSerial
                0x000000002400016c       0x1a ./USB_DEVICE/App/usbd_desc.o
                0x000000002400016c                USBD_StringSerial
 *fill*         0x0000000024000186        0x2 
 .data._impure_ptr
                0x0000000024000188        0x4 c:/st/stm32cubeide_1.7.0/stm32cubeide/plugins/com.st.stm32cube.ide.mcu.externaltools.gnu-tools-for-stm32.9-2020-q2-update.win32_2.0.0.202105311346/tools/bin/../lib/gcc/arm-none-eabi/9.3.1/../../../../arm-none-eabi/lib/thumb/v7e-m+dp/hard\libc_nano.a(lib_a-impure.o)
                0x0000000024000188                _impure_ptr
 .data.impure_data
                0x000000002400018c       0x60 c:/st/stm32cubeide_1.7.0/stm32cubeide/plugins/com.st.stm32cube.ide.mcu.externaltools.gnu-tools-for-stm32.9-2020-q2-update.win32_2.0.0.202105311346/tools/bin/../lib/gcc/arm-none-eabi/9.3.1/../../../../arm-none-eabi/lib/thumb/v7e-m+dp/hard\libc_nano.a(lib_a-impure.o)
 *(.RamFunc)
 *(.RamFunc*)
                0x00000000240001ec                . = ALIGN (0x4)
                0x00000000240001ec                _edata = .

.igot.plt       0x00000000240001ec        0x0 load address 0x000000000800dbf0
 .igot.plt      0x00000000240001ec        0x0 c:/st/stm32cubeide_1.7.0/stm32cubeide/plugins/com.st.stm32cube.ide.mcu.externaltools.gnu-tools-for-stm32.9-2020-q2-update.win32_2.0.0.202105311346/tools/bin/../lib/gcc/arm-none-eabi/9.3.1/thumb/v7e-m+dp/hard/crtbegin.o
                0x00000000240001ec                . = ALIGN (0x4)

.bss            0x00000000240001ec     0x59dc load address 0x000000000800dbf0
                0x00000000240001ec                _sbss = .
                0x00000000240001ec                __bss_start__ = _sbss
 *(.bss)
 .bss           0x00000000240001ec       0x1c c:/st/stm32cubeide_1.7.0/stm32cubeide/plugins/com.st.stm32cube.ide.mcu.externaltools.gnu-tools-for-stm32.9-2020-q2-update.win32_2.0.0.202105311346/tools/bin/../lib/gcc/arm-none-eabi/9.3.1/thumb/v7e-m+dp/hard/crtbegin.o
 *(.bss*)
 .bss.HAL_RCC_ADC12_CLK_ENABLED
                0x0000000024000208        0x4 ./Core/Src/stm32h7xx_hal_msp.o
 .bss.cfgidx.14373
                0x000000002400020c        0x1 ./Middlewares/ST/STM32_USB_Device_Library/Core/Src/usbd_ctlreq.o
 *fill*         0x000000002400020d        0x3 
 .bss.pxCurrentTCB
                0x0000000024000210        0x4 ./Middlewares/Third_Party/FreeRTOS/Source/tasks.o
                0x0000000024000210                pxCurrentTCB
 .bss.pxReadyTasksLists
                0x0000000024000214       0x28 ./Middlewares/Third_Party/FreeRTOS/Source/tasks.o
 .bss.xDelayedTaskList1
                0x000000002400023c       0x14 ./Middlewares/Third_Party/FreeRTOS/Source/tasks.o
 .bss.xDelayedTaskList2
                0x0000000024000250       0x14 ./Middlewares/Third_Party/FreeRTOS/Source/tasks.o
 .bss.pxDelayedTaskList
                0x0000000024000264        0x4 ./Middlewares/Third_Party/FreeRTOS/Source/tasks.o
 .bss.pxOverflowDelayedTaskList
                0x0000000024000268        0x4 ./Middlewares/Third_Party/FreeRTOS/Source/tasks.o
 .bss.xPendingReadyList
                0x000000002400026c       0x14 ./Middlewares/Third_Party/FreeRTOS/Source/tasks.o
 .bss.uxCurrentNumberOfTasks
                0x0000000024000280        0x4 ./Middlewares/Third_Party/FreeRTOS/Source/tasks.o
 .bss.xTickCount
                0x0000000024000284        0x4 ./Middlewares/Third_Party/FreeRTOS/Source/tasks.o
 .bss.uxTopReadyPriority
                0x0000000024000288        0x4 ./Middlewares/Third_Party/FreeRTOS/Source/tasks.o
 .bss.xSchedulerRunning
                0x000000002400028c        0x4 ./Middlewares/Third_Party/FreeRTOS/Source/tasks.o
 .bss.xPendedTicks
                0x0000000024000290        0x4 ./Middlewares/Third_Party/FreeRTOS/Source/tasks.o
 .bss.xYieldPending
                0x0000000024000294        0x4 ./Middlewares/Third_Party/FreeRTOS/Source/tasks.o
 .bss.xNumOfOverflows
                0x0000000024000298        0x4 ./Middlewares/Third_Party/FreeRTOS/Source/tasks.o
 .bss.uxTaskNumber
                0x000000002400029c        0x4 ./Middlewares/Third_Party/FreeRTOS/Source/tasks.o
 .bss.xNextTaskUnblockTime
                0x00000000240002a0        0x4 ./Middlewares/Third_Party/FreeRTOS/Source/tasks.o
 .bss.xIdleTaskHandle
                0x00000000240002a4        0x4 ./Middlewares/Third_Party/FreeRTOS/Source/tasks.o
 .bss.uxSchedulerSuspended
                0x00000000240002a8        0x4 ./Middlewares/Third_Party/FreeRTOS/Source/tasks.o
 .bss.ucMaxSysCallPriority
                0x00000000240002ac        0x1 ./Middlewares/Third_Party/FreeRTOS/Source/portable/GCC/ARM_CM4F/port.o
 *fill*         0x00000000240002ad        0x3 
 .bss.ulMaxPRIGROUPValue
                0x00000000240002b0        0x4 ./Middlewares/Third_Party/FreeRTOS/Source/portable/GCC/ARM_CM4F/port.o
 .bss.ucHeap    0x00000000240002b4     0x3c00 ./Middlewares/Third_Party/FreeRTOS/Source/portable/MemMang/heap_4.o
 .bss.xStart    0x0000000024003eb4        0x8 ./Middlewares/Third_Party/FreeRTOS/Source/portable/MemMang/heap_4.o
 .bss.pxEnd     0x0000000024003ebc        0x4 ./Middlewares/Third_Party/FreeRTOS/Source/portable/MemMang/heap_4.o
 .bss.xFreeBytesRemaining
                0x0000000024003ec0        0x4 ./Middlewares/Third_Party/FreeRTOS/Source/portable/MemMang/heap_4.o
 .bss.xMinimumEverFreeBytesRemaining
                0x0000000024003ec4        0x4 ./Middlewares/Third_Party/FreeRTOS/Source/portable/MemMang/heap_4.o
 .bss.xNumberOfSuccessfulAllocations
                0x0000000024003ec8        0x4 ./Middlewares/Third_Party/FreeRTOS/Source/portable/MemMang/heap_4.o
 .bss.xNumberOfSuccessfulFrees
                0x0000000024003ecc        0x4 ./Middlewares/Third_Party/FreeRTOS/Source/portable/MemMang/heap_4.o
 .bss.xBlockAllocatedBit
                0x0000000024003ed0        0x4 ./Middlewares/Third_Party/FreeRTOS/Source/portable/MemMang/heap_4.o
 .bss.mem.14441
                0x0000000024003ed4      0x220 ./USB_DEVICE/Target/usbd_conf.o
 *(COMMON)
 COMMON         0x00000000240040f4      0x1a0 ./Core/Src/main.o
                0x00000000240040f4                defaultTaskHandle
                0x00000000240040f8                hadc2
                0x0000000024004168                hadc1
                0x00000000240041d8                hadc3
                0x0000000024004248                htim6
 COMMON         0x0000000024004294       0x4c ./Core/Src/stm32h7xx_hal_timebase_tim.o
                0x0000000024004294                htim7
 COMMON         0x00000000240042e0        0xc ./Core/Src/voltmeter.o
                0x00000000240042e0                Delay_Sem
                0x00000000240042e4                Term_Queue
                0x00000000240042e8                ADC_Queue
 COMMON         0x00000000240042ec        0x4 ./Drivers/STM32H7xx_HAL_Driver/Src/stm32h7xx_hal.o
                0x00000000240042ec                uwTick
 COMMON         0x00000000240042f0      0x2d0 ./USB_DEVICE/App/usb_device.o
                0x00000000240042f0                hUsbDeviceHS
 COMMON         0x00000000240045c0     0x1000 ./USB_DEVICE/App/usbd_cdc_if.o
                0x00000000240045c0                UserRxBufferHS
                0x0000000024004dc0                UserTxBufferHS
 COMMON         0x00000000240055c0      0x200 ./USB_DEVICE/App/usbd_desc.o
                0x00000000240055c0                USBD_StrDesc
 COMMON         0x00000000240057c0      0x408 ./USB_DEVICE/Target/usbd_conf.o
                0x00000000240057c0                hpcd_USB_OTG_HS
                0x0000000024005bc8                . = ALIGN (0x4)
                0x0000000024005bc8                _ebss = .
                0x0000000024005bc8                __bss_end__ = _ebss

._user_heap_stack
                0x0000000024005bc8      0x600 load address 0x000000000800dbf0
                0x0000000024005bc8                . = ALIGN (0x8)
                [!provide]                        PROVIDE (end = .)
                0x0000000024005bc8                PROVIDE (_end = .)
                0x0000000024005dc8                . = (. + _Min_Heap_Size)
 *fill*         0x0000000024005bc8      0x200 
                0x00000000240061c8                . = (. + _Min_Stack_Size)
 *fill*         0x0000000024005dc8      0x400 
                0x00000000240061c8                . = ALIGN (0x8)

/DISCARD/
 libc.a(*)
 libm.a(*)
 libgcc.a(*)

.ARM.attributes
                0x0000000000000000       0x2e
 *(.ARM.attributes)
 .ARM.attributes
                0x0000000000000000       0x1e c:/st/stm32cubeide_1.7.0/stm32cubeide/plugins/com.st.stm32cube.ide.mcu.externaltools.gnu-tools-for-stm32.9-2020-q2-update.win32_2.0.0.202105311346/tools/bin/../lib/gcc/arm-none-eabi/9.3.1/thumb/v7e-m+dp/hard/crti.o
 .ARM.attributes
                0x000000000000001e       0x32 c:/st/stm32cubeide_1.7.0/stm32cubeide/plugins/com.st.stm32cube.ide.mcu.externaltools.gnu-tools-for-stm32.9-2020-q2-update.win32_2.0.0.202105311346/tools/bin/../lib/gcc/arm-none-eabi/9.3.1/thumb/v7e-m+dp/hard/crtbegin.o
 .ARM.attributes
                0x0000000000000050       0x32 ./Core/Src/main.o
 .ARM.attributes
                0x0000000000000082       0x32 ./Core/Src/stm32h7xx_hal_msp.o
 .ARM.attributes
                0x00000000000000b4       0x32 ./Core/Src/stm32h7xx_hal_timebase_tim.o
 .ARM.attributes
                0x00000000000000e6       0x32 ./Core/Src/stm32h7xx_it.o
 .ARM.attributes
                0x0000000000000118       0x32 ./Core/Src/system_stm32h7xx.o
 .ARM.attributes
                0x000000000000014a       0x32 ./Core/Src/voltmeter.o
 .ARM.attributes
                0x000000000000017c       0x21 ./Core/Startup/startup_stm32h723zgtx.o
 .ARM.attributes
                0x000000000000019d       0x32 ./Drivers/STM32H7xx_HAL_Driver/Src/stm32h7xx_hal.o
 .ARM.attributes
                0x00000000000001cf       0x32 ./Drivers/STM32H7xx_HAL_Driver/Src/stm32h7xx_hal_adc.o
 .ARM.attributes
                0x0000000000000201       0x32 ./Drivers/STM32H7xx_HAL_Driver/Src/stm32h7xx_hal_adc_ex.o
 .ARM.attributes
                0x0000000000000233       0x32 ./Drivers/STM32H7xx_HAL_Driver/Src/stm32h7xx_hal_cortex.o
 .ARM.attributes
                0x0000000000000265       0x32 ./Drivers/STM32H7xx_HAL_Driver/Src/stm32h7xx_hal_gpio.o
 .ARM.attributes
                0x0000000000000297       0x32 ./Drivers/STM32H7xx_HAL_Driver/Src/stm32h7xx_hal_pcd.o
 .ARM.attributes
                0x00000000000002c9       0x32 ./Drivers/STM32H7xx_HAL_Driver/Src/stm32h7xx_hal_pcd_ex.o
 .ARM.attributes
                0x00000000000002fb       0x32 ./Drivers/STM32H7xx_HAL_Driver/Src/stm32h7xx_hal_pwr_ex.o
 .ARM.attributes
                0x000000000000032d       0x32 ./Drivers/STM32H7xx_HAL_Driver/Src/stm32h7xx_hal_rcc.o
 .ARM.attributes
                0x000000000000035f       0x32 ./Drivers/STM32H7xx_HAL_Driver/Src/stm32h7xx_hal_rcc_ex.o
 .ARM.attributes
                0x0000000000000391       0x32 ./Drivers/STM32H7xx_HAL_Driver/Src/stm32h7xx_hal_tim.o
 .ARM.attributes
                0x00000000000003c3       0x32 ./Drivers/STM32H7xx_HAL_Driver/Src/stm32h7xx_hal_tim_ex.o
 .ARM.attributes
                0x00000000000003f5       0x32 ./Drivers/STM32H7xx_HAL_Driver/Src/stm32h7xx_ll_usb.o
 .ARM.attributes
                0x0000000000000427       0x32 ./Middlewares/ST/STM32_USB_Device_Library/Class/CDC/Src/usbd_cdc.o
 .ARM.attributes
                0x0000000000000459       0x32 ./Middlewares/ST/STM32_USB_Device_Library/Core/Src/usbd_core.o
 .ARM.attributes
                0x000000000000048b       0x32 ./Middlewares/ST/STM32_USB_Device_Library/Core/Src/usbd_ctlreq.o
 .ARM.attributes
                0x00000000000004bd       0x32 ./Middlewares/ST/STM32_USB_Device_Library/Core/Src/usbd_ioreq.o
 .ARM.attributes
                0x00000000000004ef       0x32 ./Middlewares/Third_Party/FreeRTOS/Source/CMSIS_RTOS/cmsis_os.o
 .ARM.attributes
                0x0000000000000521       0x32 ./Middlewares/Third_Party/FreeRTOS/Source/list.o
 .ARM.attributes
                0x0000000000000553       0x32 ./Middlewares/Third_Party/FreeRTOS/Source/queue.o
 .ARM.attributes
                0x0000000000000585       0x32 ./Middlewares/Third_Party/FreeRTOS/Source/tasks.o
 .ARM.attributes
                0x00000000000005b7       0x32 ./Middlewares/Third_Party/FreeRTOS/Source/portable/GCC/ARM_CM4F/port.o
 .ARM.attributes
                0x00000000000005e9       0x32 ./Middlewares/Third_Party/FreeRTOS/Source/portable/MemMang/heap_4.o
 .ARM.attributes
                0x000000000000061b       0x32 ./USB_DEVICE/App/usb_device.o
 .ARM.attributes
                0x000000000000064d       0x32 ./USB_DEVICE/App/usbd_cdc_if.o
 .ARM.attributes